May 30 08:56:59 worlock kernel: Linux version 6.8.12 (jeb@worlock) (gcc (Ubuntu 12.3.0-1ubuntu1~22.04.2) 12.3.0, GNU ld (GNU Binutils for Ubuntu) 2.38) #1 SMP PREEMPT_DYNAMIC Wed Nov 19 15:18:18 CST 2025 (Ubuntu 6.8.0-87.88~22.04.1-generic 6.8.12)
May 30 08:56:59 worlock kernel: Command line: BOOT_IMAGE=/boot/vmlinuz-6.8.12 root=UUID=2bd8e49f-7ea3-4755-8999-7b78f4223812 ro quiet splash mitigations=off apparmor=0 nvidia-drm.modeset=1 transparent_hugepage=never amd_iommu=on iommu=pt pcie_aspm=off pcie_port_pm=off nvme_core.default_ps_max_latency_us=0 nvme.write_queues=16 nvme.io_queue_depth=1023 pci=realloc crashkernel=512M-:192M
May 30 08:56:59 worlock kernel: KERNEL supported cpus:
May 30 08:56:59 worlock kernel:   AMD AuthenticAMD
May 30 08:56:59 worlock kernel: BIOS-provided physical RAM map:
May 30 08:56:59 worlock kernel: BIOS-e820: [mem 0x0000000000000000-0x000000000009ffff] usable
May 30 08:56:59 worlock kernel: BIOS-e820: [mem 0x00000000000a0000-0x00000000000fffff] reserved
May 30 08:56:59 worlock kernel: BIOS-e820: [mem 0x0000000000100000-0x0000000009afefff] usable
May 30 08:56:59 worlock kernel: BIOS-e820: [mem 0x0000000009aff000-0x0000000009ffffff] reserved
May 30 08:56:59 worlock kernel: BIOS-e820: [mem 0x000000000a000000-0x000000000a1fffff] usable
May 30 08:56:59 worlock kernel: BIOS-e820: [mem 0x000000000a200000-0x000000000a20dfff] ACPI NVS
May 30 08:56:59 worlock kernel: BIOS-e820: [mem 0x000000000a20e000-0x00000000acce1fff] usable
May 30 08:56:59 worlock kernel: BIOS-e820: [mem 0x00000000acce2000-0x00000000acce2fff] reserved
May 30 08:56:59 worlock kernel: BIOS-e820: [mem 0x00000000acce3000-0x00000000acd15fff] usable
May 30 08:56:59 worlock kernel: BIOS-e820: [mem 0x00000000acd16000-0x00000000acd16fff] reserved
May 30 08:56:59 worlock kernel: BIOS-e820: [mem 0x00000000acd17000-0x00000000bb4e5fff] usable
May 30 08:56:59 worlock kernel: BIOS-e820: [mem 0x00000000bb4e6000-0x00000000bccf2fff] reserved
May 30 08:56:59 worlock kernel: BIOS-e820: [mem 0x00000000bccf3000-0x00000000bcd31fff] ACPI data
May 30 08:56:59 worlock kernel: BIOS-e820: [mem 0x00000000bcd32000-0x00000000bd427fff] ACPI NVS
May 30 08:56:59 worlock kernel: BIOS-e820: [mem 0x00000000bd428000-0x00000000bdffefff] reserved
May 30 08:56:59 worlock kernel: BIOS-e820: [mem 0x00000000bdfff000-0x00000000beffffff] usable
May 30 08:56:59 worlock kernel: BIOS-e820: [mem 0x00000000bf000000-0x00000000bfffffff] reserved
May 30 08:56:59 worlock kernel: BIOS-e820: [mem 0x00000000f0000000-0x00000000f7ffffff] reserved
May 30 08:56:59 worlock kernel: BIOS-e820: [mem 0x00000000fd200000-0x00000000fd2fffff] reserved
May 30 08:56:59 worlock kernel: BIOS-e820: [mem 0x00000000fd400000-0x00000000fd5fffff] reserved
May 30 08:56:59 worlock kernel: BIOS-e820: [mem 0x00000000fea00000-0x00000000fea0ffff] reserved
May 30 08:56:59 worlock kernel: BIOS-e820: [mem 0x00000000feb80000-0x00000000fec01fff] reserved
May 30 08:56:59 worlock kernel: BIOS-e820: [mem 0x00000000fec10000-0x00000000fec10fff] reserved
May 30 08:56:59 worlock kernel: BIOS-e820: [mem 0x00000000fed00000-0x00000000fed00fff] reserved
May 30 08:56:59 worlock kernel: BIOS-e820: [mem 0x00000000fed40000-0x00000000fed44fff] reserved
May 30 08:56:59 worlock kernel: BIOS-e820: [mem 0x00000000fed80000-0x00000000fed8ffff] reserved
May 30 08:56:59 worlock kernel: BIOS-e820: [mem 0x00000000fedc2000-0x00000000fedcffff] reserved
May 30 08:56:59 worlock kernel: BIOS-e820: [mem 0x00000000fedd4000-0x00000000fedd5fff] reserved
May 30 08:56:59 worlock kernel: BIOS-e820: [mem 0x00000000ff000000-0x00000000ffffffff] reserved
May 30 08:56:59 worlock kernel: BIOS-e820: [mem 0x0000000100000000-0x000000203f2fffff] usable
May 30 08:56:59 worlock kernel: BIOS-e820: [mem 0x000000203f300000-0x000000203fffffff] reserved
May 30 08:56:59 worlock kernel: NX (Execute Disable) protection: active
May 30 08:56:59 worlock kernel: APIC: Static calls initialized
May 30 08:56:59 worlock kernel: e820: update [mem 0xb7ab2018-0xb7ad9a57] usable ==> usable
May 30 08:56:59 worlock kernel: e820: update [mem 0xb7ab2018-0xb7ad9a57] usable ==> usable
May 30 08:56:59 worlock kernel: e820: update [mem 0xb7a8b018-0xb7ab1457] usable ==> usable
May 30 08:56:59 worlock kernel: e820: update [mem 0xb7a8b018-0xb7ab1457] usable ==> usable
May 30 08:56:59 worlock kernel: extended physical RAM map:
May 30 08:56:59 worlock kernel: reserve setup_data: [mem 0x0000000000000000-0x000000000009ffff] usable
May 30 08:56:59 worlock kernel: reserve setup_data: [mem 0x00000000000a0000-0x00000000000fffff] reserved
May 30 08:56:59 worlock kernel: reserve setup_data: [mem 0x0000000000100000-0x0000000009afefff] usable
May 30 08:56:59 worlock kernel: reserve setup_data: [mem 0x0000000009aff000-0x0000000009ffffff] reserved
May 30 08:56:59 worlock kernel: reserve setup_data: [mem 0x000000000a000000-0x000000000a1fffff] usable
May 30 08:56:59 worlock kernel: reserve setup_data: [mem 0x000000000a200000-0x000000000a20dfff] ACPI NVS
May 30 08:56:59 worlock kernel: reserve setup_data: [mem 0x000000000a20e000-0x00000000acce1fff] usable
May 30 08:56:59 worlock kernel: reserve setup_data: [mem 0x00000000acce2000-0x00000000acce2fff] reserved
May 30 08:56:59 worlock kernel: reserve setup_data: [mem 0x00000000acce3000-0x00000000acd15fff] usable
May 30 08:56:59 worlock kernel: reserve setup_data: [mem 0x00000000acd16000-0x00000000acd16fff] reserved
May 30 08:56:59 worlock kernel: reserve setup_data: [mem 0x00000000acd17000-0x00000000b7a8b017] usable
May 30 08:56:59 worlock kernel: reserve setup_data: [mem 0x00000000b7a8b018-0x00000000b7ab1457] usable
May 30 08:56:59 worlock kernel: reserve setup_data: [mem 0x00000000b7ab1458-0x00000000b7ab2017] usable
May 30 08:56:59 worlock kernel: reserve setup_data: [mem 0x00000000b7ab2018-0x00000000b7ad9a57] usable
May 30 08:56:59 worlock kernel: reserve setup_data: [mem 0x00000000b7ad9a58-0x00000000bb4e5fff] usable
May 30 08:56:59 worlock kernel: reserve setup_data: [mem 0x00000000bb4e6000-0x00000000bccf2fff] reserved
May 30 08:56:59 worlock kernel: reserve setup_data: [mem 0x00000000bccf3000-0x00000000bcd31fff] ACPI data
May 30 08:56:59 worlock kernel: reserve setup_data: [mem 0x00000000bcd32000-0x00000000bd427fff] ACPI NVS
May 30 08:56:59 worlock kernel: reserve setup_data: [mem 0x00000000bd428000-0x00000000bdffefff] reserved
May 30 08:56:59 worlock kernel: reserve setup_data: [mem 0x00000000bdfff000-0x00000000beffffff] usable
May 30 08:56:59 worlock kernel: reserve setup_data: [mem 0x00000000bf000000-0x00000000bfffffff] reserved
May 30 08:56:59 worlock kernel: reserve setup_data: [mem 0x00000000f0000000-0x00000000f7ffffff] reserved
May 30 08:56:59 worlock kernel: reserve setup_data: [mem 0x00000000fd200000-0x00000000fd2fffff] reserved
May 30 08:56:59 worlock kernel: reserve setup_data: [mem 0x00000000fd400000-0x00000000fd5fffff] reserved
May 30 08:56:59 worlock kernel: reserve setup_data: [mem 0x00000000fea00000-0x00000000fea0ffff] reserved
May 30 08:56:59 worlock kernel: reserve setup_data: [mem 0x00000000feb80000-0x00000000fec01fff] reserved
May 30 08:56:59 worlock kernel: reserve setup_data: [mem 0x00000000fec10000-0x00000000fec10fff] reserved
May 30 08:56:59 worlock kernel: reserve setup_data: [mem 0x00000000fed00000-0x00000000fed00fff] reserved
May 30 08:56:59 worlock kernel: reserve setup_data: [mem 0x00000000fed40000-0x00000000fed44fff] reserved
May 30 08:56:59 worlock kernel: reserve setup_data: [mem 0x00000000fed80000-0x00000000fed8ffff] reserved
May 30 08:56:59 worlock kernel: reserve setup_data: [mem 0x00000000fedc2000-0x00000000fedcffff] reserved
May 30 08:56:59 worlock kernel: reserve setup_data: [mem 0x00000000fedd4000-0x00000000fedd5fff] reserved
May 30 08:56:59 worlock kernel: reserve setup_data: [mem 0x00000000ff000000-0x00000000ffffffff] reserved
May 30 08:56:59 worlock kernel: reserve setup_data: [mem 0x0000000100000000-0x000000203f2fffff] usable
May 30 08:56:59 worlock kernel: reserve setup_data: [mem 0x000000203f300000-0x000000203fffffff] reserved
May 30 08:56:59 worlock kernel: efi: EFI v2.7 by American Megatrends
May 30 08:56:59 worlock kernel: efi: ACPI=0xbd40f000 ACPI 2.0=0xbd40f014 SMBIOS=0xbde23000 SMBIOS 3.0=0xbde22000 MEMATTR=0xb9a9d018 ESRT=0xba26c098 MOKvar=0xbde6e000 INITRD=0xb9a93218 RNG=0xbccff018 
May 30 08:56:59 worlock kernel: random: crng init done
May 30 08:56:59 worlock kernel: efi: Remove mem279: MMIO range=[0xf0000000-0xf7ffffff] (128MB) from e820 map
May 30 08:56:59 worlock kernel: e820: remove [mem 0xf0000000-0xf7ffffff] reserved
May 30 08:56:59 worlock kernel: efi: Remove mem280: MMIO range=[0xfd200000-0xfd2fffff] (1MB) from e820 map
May 30 08:56:59 worlock kernel: e820: remove [mem 0xfd200000-0xfd2fffff] reserved
May 30 08:56:59 worlock kernel: efi: Remove mem281: MMIO range=[0xfd400000-0xfd5fffff] (2MB) from e820 map
May 30 08:56:59 worlock kernel: e820: remove [mem 0xfd400000-0xfd5fffff] reserved
May 30 08:56:59 worlock kernel: efi: Not removing mem282: MMIO range=[0xfea00000-0xfea0ffff] (64KB) from e820 map
May 30 08:56:59 worlock kernel: efi: Remove mem283: MMIO range=[0xfeb80000-0xfec01fff] (0MB) from e820 map
May 30 08:56:59 worlock kernel: e820: remove [mem 0xfeb80000-0xfec01fff] reserved
May 30 08:56:59 worlock kernel: efi: Not removing mem284: MMIO range=[0xfec10000-0xfec10fff] (4KB) from e820 map
May 30 08:56:59 worlock kernel: efi: Not removing mem285: MMIO range=[0xfed00000-0xfed00fff] (4KB) from e820 map
May 30 08:56:59 worlock kernel: efi: Not removing mem286: MMIO range=[0xfed40000-0xfed44fff] (20KB) from e820 map
May 30 08:56:59 worlock kernel: efi: Not removing mem287: MMIO range=[0xfed80000-0xfed8ffff] (64KB) from e820 map
May 30 08:56:59 worlock kernel: efi: Not removing mem288: MMIO range=[0xfedc2000-0xfedcffff] (56KB) from e820 map
May 30 08:56:59 worlock kernel: efi: Not removing mem289: MMIO range=[0xfedd4000-0xfedd5fff] (8KB) from e820 map
May 30 08:56:59 worlock kernel: efi: Remove mem290: MMIO range=[0xff000000-0xffffffff] (16MB) from e820 map
May 30 08:56:59 worlock kernel: e820: remove [mem 0xff000000-0xffffffff] reserved
May 30 08:56:59 worlock kernel: secureboot: Secure boot disabled
May 30 08:56:59 worlock kernel: SMBIOS 3.2.0 present.
May 30 08:56:59 worlock kernel: DMI: To Be Filled By O.E.M. X570 Taichi/X570 Taichi, BIOS P5.65 03/19/2025
May 30 08:56:59 worlock kernel: tsc: Fast TSC calibration using PIT
May 30 08:56:59 worlock kernel: tsc: Detected 3399.754 MHz processor
May 30 08:56:59 worlock kernel: e820: update [mem 0x00000000-0x00000fff] usable ==> reserved
May 30 08:56:59 worlock kernel: e820: remove [mem 0x000a0000-0x000fffff] usable
May 30 08:56:59 worlock kernel: last_pfn = 0x203f300 max_arch_pfn = 0x400000000
May 30 08:56:59 worlock kernel: total RAM covered: 3071M
May 30 08:56:59 worlock kernel: Found optimal setting for mtrr clean up
May 30 08:56:59 worlock kernel:  gran_size: 64K         chunk_size: 64M         num_reg: 3          lose cover RAM: 0G
May 30 08:56:59 worlock kernel: MTRR map: 8 entries (4 fixed + 4 variable; max 21), built from 9 variable MTRRs
May 30 08:56:59 worlock kernel: x86/PAT: Configuration [0-7]: WB  WC  UC- UC  WB  WP  UC- WT  
May 30 08:56:59 worlock kernel: e820: update [mem 0xbd1d0000-0xbd1dffff] usable ==> reserved
May 30 08:56:59 worlock kernel: e820: update [mem 0xc0000000-0xffffffff] usable ==> reserved
May 30 08:56:59 worlock kernel: last_pfn = 0xbf000 max_arch_pfn = 0x400000000
May 30 08:56:59 worlock kernel: esrt: Reserving ESRT space from 0x00000000ba26c098 to 0x00000000ba26c0d0.
May 30 08:56:59 worlock kernel: e820: update [mem 0xba26c000-0xba26cfff] usable ==> reserved
May 30 08:56:59 worlock kernel: Using GB pages for direct mapping
May 30 08:56:59 worlock kernel: secureboot: Secure boot disabled
May 30 08:56:59 worlock kernel: RAMDISK: [mem 0x7250e000-0xaa9e1fff]
May 30 08:56:59 worlock kernel: ACPI: Early table checksum verification disabled
May 30 08:56:59 worlock kernel: ACPI: RSDP 0x00000000BD40F014 000024 (v02 ALASKA)
May 30 08:56:59 worlock kernel: ACPI: XSDT 0x00000000BD40E728 0000BC (v01 ALASKA A M I    01072009 AMI  01000013)
May 30 08:56:59 worlock kernel: ACPI: FACP 0x00000000BCD23000 000114 (v06 ALASKA A M I    01072009 AMI  00010013)
May 30 08:56:59 worlock kernel: ACPI: DSDT 0x00000000BCD1C000 006A31 (v02 ALASKA A M I    01072009 INTL 20120913)
May 30 08:56:59 worlock kernel: ACPI: FACS 0x00000000BD409000 000040
May 30 08:56:59 worlock kernel: ACPI: SSDT 0x00000000BCD29000 008CE9 (v02 AMD    AmdTable 00000002 MSFT 04000000)
May 30 08:56:59 worlock kernel: ACPI: SSDT 0x00000000BCD25000 003B45 (v02 AMD    AMD AOD  00000001 INTL 20120913)
May 30 08:56:59 worlock kernel: ACPI: SSDT 0x00000000BCD24000 0001CC (v02 ALASKA CPUSSDT  01072009 AMI  01072009)
May 30 08:56:59 worlock kernel: ACPI: FIDT 0x00000000BCD1B000 00009C (v01 ALASKA A M I    01072009 AMI  00010013)
May 30 08:56:59 worlock kernel: ACPI: MCFG 0x00000000BCD1A000 00003C (v01 ALASKA A M I    01072009 MSFT 00010013)
May 30 08:56:59 worlock kernel: ACPI: AAFT 0x00000000BCD19000 000115 (v01 ALASKA OEMAAFT  01072009 MSFT 00000097)
May 30 08:56:59 worlock kernel: ACPI: HPET 0x00000000BCD18000 000038 (v01 ALASKA A M I    01072009 AMI  00000005)
May 30 08:56:59 worlock kernel: ACPI: SSDT 0x00000000BCD17000 000024 (v01 AMD    BIXBY    00001000 INTL 20120913)
May 30 08:56:59 worlock kernel: ACPI: FPDT 0x00000000BCD16000 000044 (v01 ALASKA A M I    01072009 AMI  01000013)
May 30 08:56:59 worlock kernel: ACPI: BGRT 0x00000000BCD15000 000038 (v01 ALASKA A M I    01072009 AMI  00010013)
May 30 08:56:59 worlock kernel: ACPI: PCCT 0x00000000BCD14000 00006E (v02 AMD    AmdTable 00000001 AMD  00000001)
May 30 08:56:59 worlock kernel: ACPI: SSDT 0x00000000BCD0B000 008033 (v02 AMD    AmdTable 00000001 AMD  00000001)
May 30 08:56:59 worlock kernel: ACPI: CRAT 0x00000000BCD09000 001710 (v01 AMD    AmdTable 00000001 AMD  00000001)
May 30 08:56:59 worlock kernel: ACPI: CDIT 0x00000000BCD08000 000029 (v01 AMD    AmdTable 00000001 AMD  00000001)
May 30 08:56:59 worlock kernel: ACPI: SSDT 0x00000000BCD04000 0037C4 (v02 AMD    QOGIRN   00000001 INTL 20120913)
May 30 08:56:59 worlock kernel: ACPI: WSMT 0x00000000BCD03000 000028 (v01 ALASKA A M I    01072009 AMI  00010013)
May 30 08:56:59 worlock kernel: ACPI: APIC 0x00000000BCD02000 00015E (v03 ALASKA A M I    01072009 AMI  00010013)
May 30 08:56:59 worlock kernel: ACPI: SSDT 0x00000000BCD00000 0010AF (v02 AMD    QOGIRC   00000001 INTL 20120913)
May 30 08:56:59 worlock kernel: ACPI: Reserving FACP table memory at [mem 0xbcd23000-0xbcd23113]
May 30 08:56:59 worlock kernel: ACPI: Reserving DSDT table memory at [mem 0xbcd1c000-0xbcd22a30]
May 30 08:56:59 worlock kernel: ACPI: Reserving FACS table memory at [mem 0xbd409000-0xbd40903f]
May 30 08:56:59 worlock kernel: ACPI: Reserving SSDT table memory at [mem 0xbcd29000-0xbcd31ce8]
May 30 08:56:59 worlock kernel: ACPI: Reserving SSDT table memory at [mem 0xbcd25000-0xbcd28b44]
May 30 08:56:59 worlock kernel: ACPI: Reserving SSDT table memory at [mem 0xbcd24000-0xbcd241cb]
May 30 08:56:59 worlock kernel: ACPI: Reserving FIDT table memory at [mem 0xbcd1b000-0xbcd1b09b]
May 30 08:56:59 worlock kernel: ACPI: Reserving MCFG table memory at [mem 0xbcd1a000-0xbcd1a03b]
May 30 08:56:59 worlock kernel: ACPI: Reserving AAFT table memory at [mem 0xbcd19000-0xbcd19114]
May 30 08:56:59 worlock kernel: ACPI: Reserving HPET table memory at [mem 0xbcd18000-0xbcd18037]
May 30 08:56:59 worlock kernel: ACPI: Reserving SSDT table memory at [mem 0xbcd17000-0xbcd17023]
May 30 08:56:59 worlock kernel: ACPI: Reserving FPDT table memory at [mem 0xbcd16000-0xbcd16043]
May 30 08:56:59 worlock kernel: ACPI: Reserving BGRT table memory at [mem 0xbcd15000-0xbcd15037]
May 30 08:56:59 worlock kernel: ACPI: Reserving PCCT table memory at [mem 0xbcd14000-0xbcd1406d]
May 30 08:56:59 worlock kernel: ACPI: Reserving SSDT table memory at [mem 0xbcd0b000-0xbcd13032]
May 30 08:56:59 worlock kernel: ACPI: Reserving CRAT table memory at [mem 0xbcd09000-0xbcd0a70f]
May 30 08:56:59 worlock kernel: ACPI: Reserving CDIT table memory at [mem 0xbcd08000-0xbcd08028]
May 30 08:56:59 worlock kernel: ACPI: Reserving SSDT table memory at [mem 0xbcd04000-0xbcd077c3]
May 30 08:56:59 worlock kernel: ACPI: Reserving WSMT table memory at [mem 0xbcd03000-0xbcd03027]
May 30 08:56:59 worlock kernel: ACPI: Reserving APIC table memory at [mem 0xbcd02000-0xbcd0215d]
May 30 08:56:59 worlock kernel: ACPI: Reserving SSDT table memory at [mem 0xbcd00000-0xbcd010ae]
May 30 08:56:59 worlock kernel: No NUMA configuration found
May 30 08:56:59 worlock kernel: Faking a node at [mem 0x0000000000000000-0x000000203f2fffff]
May 30 08:56:59 worlock kernel: NODE_DATA(0) allocated [mem 0x203f2d5000-0x203f2fffff]
May 30 08:56:59 worlock kernel: crashkernel reserved: 0x0000000066000000 - 0x0000000072000000 (192 MB)
May 30 08:56:59 worlock kernel: Zone ranges:
May 30 08:56:59 worlock kernel:   DMA      [mem 0x0000000000001000-0x0000000000ffffff]
May 30 08:56:59 worlock kernel:   DMA32    [mem 0x0000000001000000-0x00000000ffffffff]
May 30 08:56:59 worlock kernel:   Normal   [mem 0x0000000100000000-0x000000203f2fffff]
May 30 08:56:59 worlock kernel:   Device   empty
May 30 08:56:59 worlock kernel: Movable zone start for each node
May 30 08:56:59 worlock kernel: Early memory node ranges
May 30 08:56:59 worlock kernel:   node   0: [mem 0x0000000000001000-0x000000000009ffff]
May 30 08:56:59 worlock kernel:   node   0: [mem 0x0000000000100000-0x0000000009afefff]
May 30 08:56:59 worlock kernel:   node   0: [mem 0x000000000a000000-0x000000000a1fffff]
May 30 08:56:59 worlock kernel:   node   0: [mem 0x000000000a20e000-0x00000000acce1fff]
May 30 08:56:59 worlock kernel:   node   0: [mem 0x00000000acce3000-0x00000000acd15fff]
May 30 08:56:59 worlock kernel:   node   0: [mem 0x00000000acd17000-0x00000000bb4e5fff]
May 30 08:56:59 worlock kernel:   node   0: [mem 0x00000000bdfff000-0x00000000beffffff]
May 30 08:56:59 worlock kernel:   node   0: [mem 0x0000000100000000-0x000000203f2fffff]
May 30 08:56:59 worlock kernel: Initmem setup node 0 [mem 0x0000000000001000-0x000000203f2fffff]
May 30 08:56:59 worlock kernel: On node 0, zone DMA: 1 pages in unavailable ranges
May 30 08:56:59 worlock kernel: On node 0, zone DMA: 96 pages in unavailable ranges
May 30 08:56:59 worlock kernel: On node 0, zone DMA32: 1281 pages in unavailable ranges
May 30 08:56:59 worlock kernel: On node 0, zone DMA32: 14 pages in unavailable ranges
May 30 08:56:59 worlock kernel: On node 0, zone DMA32: 1 pages in unavailable ranges
May 30 08:56:59 worlock kernel: On node 0, zone DMA32: 1 pages in unavailable ranges
May 30 08:56:59 worlock kernel: On node 0, zone DMA32: 11033 pages in unavailable ranges
May 30 08:56:59 worlock kernel: On node 0, zone Normal: 4096 pages in unavailable ranges
May 30 08:56:59 worlock kernel: On node 0, zone Normal: 3328 pages in unavailable ranges
May 30 08:56:59 worlock kernel: ACPI: PM-Timer IO Port: 0x808
May 30 08:56:59 worlock kernel: ACPI: LAPIC_NMI (acpi_id[0xff] high edge lint[0x1])
May 30 08:56:59 worlock kernel: IOAPIC[0]: apic_id 33, version 33, address 0xfec00000, GSI 0-23
May 30 08:56:59 worlock kernel: IOAPIC[1]: apic_id 34, version 33, address 0xfec01000, GSI 24-55
May 30 08:56:59 worlock kernel: ACPI: INT_SRC_OVR (bus 0 bus_irq 0 global_irq 2 dfl dfl)
May 30 08:56:59 worlock kernel: ACPI: INT_SRC_OVR (bus 0 bus_irq 9 global_irq 9 low level)
May 30 08:56:59 worlock kernel: ACPI: Using ACPI (MADT) for SMP configuration information
May 30 08:56:59 worlock kernel: ACPI: HPET id: 0x10228201 base: 0xfed00000
May 30 08:56:59 worlock kernel: e820: update [mem 0xb7e68000-0xb7ea8fff] usable ==> reserved
May 30 08:56:59 worlock kernel: smpboot: Allowing 32 CPUs, 0 hotplug CPUs
May 30 08:56:59 worlock kernel: [mem 0xc0000000-0xfe9fffff] available for PCI devices
May 30 08:56:59 worlock kernel: Booting paravirtualized kernel on bare hardware
May 30 08:56:59 worlock kernel: clocksource: refined-jiffies: mask: 0xffffffff max_cycles: 0xffffffff, max_idle_ns: 1910969940391419 ns
May 30 08:56:59 worlock kernel: setup_percpu: NR_CPUS:8192 nr_cpumask_bits:32 nr_cpu_ids:32 nr_node_ids:1
May 30 08:56:59 worlock kernel: percpu: Embedded 74 pages/cpu s180200 r8192 d114712 u524288
May 30 08:56:59 worlock kernel: pcpu-alloc: s180200 r8192 d114712 u524288 alloc=1*2097152
May 30 08:56:59 worlock kernel: pcpu-alloc: [0] 00 01 02 03 [0] 04 05 06 07 
May 30 08:56:59 worlock kernel: pcpu-alloc: [0] 08 09 10 11 [0] 12 13 14 15 
May 30 08:56:59 worlock kernel: pcpu-alloc: [0] 16 17 18 19 [0] 20 21 22 23 
May 30 08:56:59 worlock kernel: pcpu-alloc: [0] 24 25 26 27 [0] 28 29 30 31 
May 30 08:56:59 worlock kernel: Kernel command line: BOOT_IMAGE=/boot/vmlinuz-6.8.12 root=UUID=2bd8e49f-7ea3-4755-8999-7b78f4223812 ro quiet splash mitigations=off apparmor=0 nvidia-drm.modeset=1 transparent_hugepage=never amd_iommu=on iommu=pt pcie_aspm=off pcie_port_pm=off nvme_core.default_ps_max_latency_us=0 nvme.write_queues=16 nvme.io_queue_depth=1023 pci=realloc crashkernel=512M-:192M
May 30 08:56:59 worlock kernel: AMD-Vi: Unknown option - 'on'
May 30 08:56:59 worlock kernel: PCIe ASPM is disabled
May 30 08:56:59 worlock kernel: Unknown kernel command line parameters "splash BOOT_IMAGE=/boot/vmlinuz-6.8.12", will be passed to user space.
May 30 08:56:59 worlock kernel: Dentry cache hash table entries: 8388608 (order: 14, 67108864 bytes, linear)
May 30 08:56:59 worlock kernel: Inode-cache hash table entries: 4194304 (order: 13, 33554432 bytes, linear)
May 30 08:56:59 worlock kernel: Fallback order for Node 0: 0 
May 30 08:56:59 worlock kernel: Built 1 zonelists, mobility grouping on.  Total pages: 33010442
May 30 08:56:59 worlock kernel: Policy zone: Normal
May 30 08:56:59 worlock kernel: mem auto-init: stack:all(zero), heap alloc:on, heap free:off
May 30 08:56:59 worlock kernel: software IO TLB: area num 32.
May 30 08:56:59 worlock kernel: Memory: 130608140K/134138324K available (20480K kernel code, 4281K rwdata, 11936K rodata, 3264K init, 2520K bss, 3529924K reserved, 0K cma-reserved)
May 30 08:56:59 worlock kernel: SLUB: HWalign=64, Order=0-3, MinObjects=0, CPUs=32, Nodes=1
May 30 08:56:59 worlock kernel: ftrace: allocating 53720 entries in 210 pages
May 30 08:56:59 worlock kernel: ftrace: allocated 210 pages with 4 groups
May 30 08:56:59 worlock kernel: Dynamic Preempt: full
May 30 08:56:59 worlock kernel: rcu: Preemptible hierarchical RCU implementation.
May 30 08:56:59 worlock kernel: rcu:         RCU restricting CPUs from NR_CPUS=8192 to nr_cpu_ids=32.
May 30 08:56:59 worlock kernel:         Trampoline variant of Tasks RCU enabled.
May 30 08:56:59 worlock kernel:         Rude variant of Tasks RCU enabled.
May 30 08:56:59 worlock kernel:         Tracing variant of Tasks RCU enabled.
May 30 08:56:59 worlock kernel: rcu: RCU calculated value of scheduler-enlistment delay is 100 jiffies.
May 30 08:56:59 worlock kernel: rcu: Adjusting geometry for rcu_fanout_leaf=16, nr_cpu_ids=32
May 30 08:56:59 worlock kernel: RCU Tasks: Setting shift to 5 and lim to 1 rcu_task_cb_adjust=1 rcu_task_cpu_ids=32.
May 30 08:56:59 worlock kernel: RCU Tasks Rude: Setting shift to 5 and lim to 1 rcu_task_cb_adjust=1 rcu_task_cpu_ids=32.
May 30 08:56:59 worlock kernel: RCU Tasks Trace: Setting shift to 5 and lim to 1 rcu_task_cb_adjust=1 rcu_task_cpu_ids=32.
May 30 08:56:59 worlock kernel: NR_IRQS: 524544, nr_irqs: 1224, preallocated irqs: 16
May 30 08:56:59 worlock kernel: rcu: srcu_init: Setting srcu_struct sizes based on contention.
May 30 08:56:59 worlock kernel: Console: colour dummy device 80x25
May 30 08:56:59 worlock kernel: printk: legacy console [tty0] enabled
May 30 08:56:59 worlock kernel: ACPI: Core revision 20230628
May 30 08:56:59 worlock kernel: clocksource: hpet: mask: 0xffffffff max_cycles: 0xffffffff, max_idle_ns: 133484873504 ns
May 30 08:56:59 worlock kernel: APIC: Switch to symmetric I/O mode setup
May 30 08:56:59 worlock kernel: x2apic: IRQ remapping doesn't support X2APIC mode
May 30 08:56:59 worlock kernel: ..TIMER: vector=0x30 apic1=0 pin1=2 apic2=-1 pin2=-1
May 30 08:56:59 worlock kernel: clocksource: tsc-early: mask: 0xffffffffffffffff max_cycles: 0x3101668e4f6, max_idle_ns: 440795296160 ns
May 30 08:56:59 worlock kernel: Calibrating delay loop (skipped), value calculated using timer frequency.. 6799.50 BogoMIPS (lpj=3399754)
May 30 08:56:59 worlock kernel: x86/cpu: User Mode Instruction Prevention (UMIP) activated
May 30 08:56:59 worlock kernel: process: using mwait in idle threads
May 30 08:56:59 worlock kernel: Last level iTLB entries: 4KB 512, 2MB 512, 4MB 256
May 30 08:56:59 worlock kernel: Last level dTLB entries: 4KB 2048, 2MB 2048, 4MB 1024, 1GB 0
May 30 08:56:59 worlock kernel: Spectre V2 : User space: Vulnerable
May 30 08:56:59 worlock kernel: Speculative Store Bypass: Vulnerable
May 30 08:56:59 worlock kernel: x86/fpu: Supporting XSAVE feature 0x001: 'x87 floating point registers'
May 30 08:56:59 worlock kernel: x86/fpu: Supporting XSAVE feature 0x002: 'SSE registers'
May 30 08:56:59 worlock kernel: x86/fpu: Supporting XSAVE feature 0x004: 'AVX registers'
May 30 08:56:59 worlock kernel: x86/fpu: Supporting XSAVE feature 0x200: 'Protection Keys User registers'
May 30 08:56:59 worlock kernel: x86/fpu: Supporting XSAVE feature 0x800: 'Control-flow User registers'
May 30 08:56:59 worlock kernel: x86/fpu: xstate_offset[2]:  576, xstate_sizes[2]:  256
May 30 08:56:59 worlock kernel: x86/fpu: xstate_offset[9]:  832, xstate_sizes[9]:    8
May 30 08:56:59 worlock kernel: x86/fpu: xstate_offset[11]:  840, xstate_sizes[11]:   16
May 30 08:56:59 worlock kernel: x86/fpu: Enabled xstate features 0xa07, context size is 856 bytes, using 'compacted' format.
May 30 08:56:59 worlock kernel: Freeing SMP alternatives memory: 44K
May 30 08:56:59 worlock kernel: pid_max: default: 32768 minimum: 301
May 30 08:56:59 worlock kernel: LSM: initializing lsm=lockdown,capability,landlock,yama,integrity
May 30 08:56:59 worlock kernel: landlock: Up and running.
May 30 08:56:59 worlock kernel: Yama: becoming mindful.
May 30 08:56:59 worlock kernel: Mount-cache hash table entries: 131072 (order: 8, 1048576 bytes, linear)
May 30 08:56:59 worlock kernel: Mountpoint-cache hash table entries: 131072 (order: 8, 1048576 bytes, linear)
May 30 08:56:59 worlock kernel: smpboot: CPU0: AMD Ryzen 9 5950X 16-Core Processor (family: 0x19, model: 0x21, stepping: 0x2)
May 30 08:56:59 worlock kernel: Performance Events: Fam17h+ core perfctr, AMD PMU driver.
May 30 08:56:59 worlock kernel: ... version:                0
May 30 08:56:59 worlock kernel: ... bit width:              48
May 30 08:56:59 worlock kernel: ... generic registers:      6
May 30 08:56:59 worlock kernel: ... value mask:             0000ffffffffffff
May 30 08:56:59 worlock kernel: ... max period:             00007fffffffffff
May 30 08:56:59 worlock kernel: ... fixed-purpose events:   0
May 30 08:56:59 worlock kernel: ... event mask:             000000000000003f
May 30 08:56:59 worlock kernel: signal: max sigframe size: 3376
May 30 08:56:59 worlock kernel: rcu: Hierarchical SRCU implementation.
May 30 08:56:59 worlock kernel: rcu:         Max phase no-delay instances is 400.
May 30 08:56:59 worlock kernel: NMI watchdog: Enabled. Permanently consumes one hw-PMU counter.
May 30 08:56:59 worlock kernel: smp: Bringing up secondary CPUs ...
May 30 08:56:59 worlock kernel: smpboot: x86: Booting SMP configuration:
May 30 08:56:59 worlock kernel: .... node  #0, CPUs:        #1  #2  #3  #4  #5  #6  #7  #8  #9 #10 #11 #12 #13 #14 #15 #16 #17 #18 #19 #20 #21 #22 #23 #24 #25 #26 #27 #28 #29 #30 #31
May 30 08:56:59 worlock kernel: smp: Brought up 1 node, 32 CPUs
May 30 08:56:59 worlock kernel: smpboot: Max logical packages: 1
May 30 08:56:59 worlock kernel: smpboot: Total of 32 processors activated (217584.25 BogoMIPS)
May 30 08:56:59 worlock kernel: devtmpfs: initialized
May 30 08:56:59 worlock kernel: x86/mm: Memory block size: 2048MB
May 30 08:56:59 worlock kernel: ACPI: PM: Registering ACPI NVS region [mem 0x0a200000-0x0a20dfff] (57344 bytes)
May 30 08:56:59 worlock kernel: ACPI: PM: Registering ACPI NVS region [mem 0xbcd32000-0xbd427fff] (7299072 bytes)
May 30 08:56:59 worlock kernel: clocksource: jiffies: mask: 0xffffffff max_cycles: 0xffffffff, max_idle_ns: 1911260446275000 ns
May 30 08:56:59 worlock kernel: futex hash table entries: 8192 (order: 7, 524288 bytes, linear)
May 30 08:56:59 worlock kernel: pinctrl core: initialized pinctrl subsystem
May 30 08:56:59 worlock kernel: PM: RTC time: 13:56:50, date: 2026-05-30
May 30 08:56:59 worlock kernel: NET: Registered PF_NETLINK/PF_ROUTE protocol family
May 30 08:56:59 worlock kernel: audit: initializing netlink subsys (disabled)
May 30 08:56:59 worlock kernel: audit: type=2000 audit(1780149409.168:1): state=initialized audit_enabled=0 res=1
May 30 08:56:59 worlock kernel: thermal_sys: Registered thermal governor 'fair_share'
May 30 08:56:59 worlock kernel: thermal_sys: Registered thermal governor 'bang_bang'
May 30 08:56:59 worlock kernel: thermal_sys: Registered thermal governor 'step_wise'
May 30 08:56:59 worlock kernel: thermal_sys: Registered thermal governor 'user_space'
May 30 08:56:59 worlock kernel: thermal_sys: Registered thermal governor 'power_allocator'
May 30 08:56:59 worlock kernel: cpuidle: using governor ladder
May 30 08:56:59 worlock kernel: cpuidle: using governor menu
May 30 08:56:59 worlock kernel: Detected 1 PCC Subspaces
May 30 08:56:59 worlock kernel: Registering PCC driver as Mailbox controller
May 30 08:56:59 worlock kernel: acpiphp: ACPI Hot Plug PCI Controller Driver version: 0.5
May 30 08:56:59 worlock kernel: PCI: ECAM [mem 0xf0000000-0xf7ffffff] (base 0xf0000000) for domain 0000 [bus 00-7f]
May 30 08:56:59 worlock kernel: PCI: Using configuration type 1 for base access
May 30 08:56:59 worlock kernel: kprobes: kprobe jump-optimization is enabled. All kprobes are optimized if possible.
May 30 08:56:59 worlock kernel: HugeTLB: registered 1.00 GiB page size, pre-allocated 0 pages
May 30 08:56:59 worlock kernel: HugeTLB: 16380 KiB vmemmap can be freed for a 1.00 GiB page
May 30 08:56:59 worlock kernel: HugeTLB: registered 2.00 MiB page size, pre-allocated 0 pages
May 30 08:56:59 worlock kernel: HugeTLB: 28 KiB vmemmap can be freed for a 2.00 MiB page
May 30 08:56:59 worlock kernel: ACPI: Added _OSI(Module Device)
May 30 08:56:59 worlock kernel: ACPI: Added _OSI(Processor Device)
May 30 08:56:59 worlock kernel: ACPI: Added _OSI(3.0 _SCP Extensions)
May 30 08:56:59 worlock kernel: ACPI: Added _OSI(Processor Aggregator Device)
May 30 08:56:59 worlock kernel: ACPI: 8 ACPI AML tables successfully acquired and loaded
May 30 08:56:59 worlock kernel: ACPI: [Firmware Bug]: BIOS _OSI(Linux) query ignored
May 30 08:56:59 worlock kernel: ACPI: _OSC evaluation for CPUs failed, trying _PDC
May 30 08:56:59 worlock kernel: ACPI: Interpreter enabled
May 30 08:56:59 worlock kernel: ACPI: PM: (supports S0 S5)
May 30 08:56:59 worlock kernel: ACPI: Using IOAPIC for interrupt routing
May 30 08:56:59 worlock kernel: PCI: Using host bridge windows from ACPI; if necessary, use "pci=nocrs" and report a bug
May 30 08:56:59 worlock kernel: PCI: Ignoring E820 reservations for host bridge windows
May 30 08:56:59 worlock kernel: ACPI: Enabled 2 GPEs in block 00 to 1F
May 30 08:56:59 worlock kernel: ACPI: PCI Root Bridge [PCI0] (domain 0000 [bus 00-ff])
May 30 08:56:59 worlock kernel: acpi PNP0A08:00: _OSC: OS supports [ExtendedConfig Segments MSI EDR HPX-Type3]
May 30 08:56:59 worlock kernel: acpi PNP0A08:00: _OSC: not requesting OS control; OS requires [ExtendedConfig ASPM ClockPM MSI]
May 30 08:56:59 worlock kernel: acpi PNP0A08:00: [Firmware Info]: ECAM [mem 0xf0000000-0xf7ffffff] for domain 0000 [bus 00-7f] only partially covers this bridge
May 30 08:56:59 worlock kernel: PCI host bridge to bus 0000:00
May 30 08:56:59 worlock kernel: pci_bus 0000:00: root bus resource [io  0x0000-0x03af window]
May 30 08:56:59 worlock kernel: pci_bus 0000:00: root bus resource [io  0x03e0-0x0cf7 window]
May 30 08:56:59 worlock kernel: pci_bus 0000:00: root bus resource [io  0x03b0-0x03df window]
May 30 08:56:59 worlock kernel: pci_bus 0000:00: root bus resource [io  0x0d00-0xffff window]
May 30 08:56:59 worlock kernel: pci_bus 0000:00: root bus resource [mem 0x000a0000-0x000dffff window]
May 30 08:56:59 worlock kernel: pci_bus 0000:00: root bus resource [mem 0xc0000000-0xefffffff window]
May 30 08:56:59 worlock kernel: pci_bus 0000:00: root bus resource [mem 0x2040000000-0x7fffffffff window]
May 30 08:56:59 worlock kernel: pci_bus 0000:00: root bus resource [bus 00-ff]
May 30 08:56:59 worlock kernel: pci 0000:00:00.0: [1022:1480] type 00 class 0x060000 conventional PCI endpoint
May 30 08:56:59 worlock kernel: pci 0000:00:01.0: [1022:1482] type 00 class 0x060000 conventional PCI endpoint
May 30 08:56:59 worlock kernel: pci 0000:00:01.2: [1022:1483] type 01 class 0x060400 PCIe Root Port
May 30 08:56:59 worlock kernel: pci 0000:00:01.2: PCI bridge to [bus 01-0c]
May 30 08:56:59 worlock kernel: pci 0000:00:01.2:   bridge window [io  0xf000-0xffff]
May 30 08:56:59 worlock kernel: pci 0000:00:01.2:   bridge window [mem 0xee200000-0xee8fffff]
May 30 08:56:59 worlock kernel: pci 0000:00:01.2: enabling Extended Tags
May 30 08:56:59 worlock kernel: pci 0000:00:01.2: PME# supported from D0 D3hot D3cold
May 30 08:56:59 worlock kernel: pci 0000:00:01.3: [1022:1483] type 01 class 0x060400 PCIe Root Port
May 30 08:56:59 worlock kernel: pci 0000:00:01.3: PCI bridge to [bus 0d]
May 30 08:56:59 worlock kernel: pci 0000:00:01.3:   bridge window [mem 0xeec00000-0xeecfffff]
May 30 08:56:59 worlock kernel: pci 0000:00:01.3: PME# supported from D0 D3hot D3cold
May 30 08:56:59 worlock kernel: pci 0000:00:02.0: [1022:1482] type 00 class 0x060000 conventional PCI endpoint
May 30 08:56:59 worlock kernel: pci 0000:00:03.0: [1022:1482] type 00 class 0x060000 conventional PCI endpoint
May 30 08:56:59 worlock kernel: pci 0000:00:03.1: [1022:1483] type 01 class 0x060400 PCIe Root Port
May 30 08:56:59 worlock kernel: pci 0000:00:03.1: PCI bridge to [bus 0e]
May 30 08:56:59 worlock kernel: pci 0000:00:03.1:   bridge window [io  0xe000-0xefff]
May 30 08:56:59 worlock kernel: pci 0000:00:03.1:   bridge window [mem 0xe8000000-0xec0fffff]
May 30 08:56:59 worlock kernel: pci 0000:00:03.1:   bridge window [mem 0x7800000000-0x7c01ffffff 64bit pref]
May 30 08:56:59 worlock kernel: pci 0000:00:03.1: PME# supported from D0 D3hot D3cold
May 30 08:56:59 worlock kernel: pci 0000:00:03.3: [1022:1483] type 01 class 0x060400 PCIe Root Port
May 30 08:56:59 worlock kernel: pci 0000:00:03.3: PCI bridge to [bus 0f]
May 30 08:56:59 worlock kernel: pci 0000:00:03.3:   bridge window [io  0xd000-0xdfff]
May 30 08:56:59 worlock kernel: pci 0000:00:03.3:   bridge window [mem 0xed000000-0xee0fffff]
May 30 08:56:59 worlock kernel: pci 0000:00:03.3:   bridge window [mem 0x7000000000-0x7401ffffff 64bit pref]
May 30 08:56:59 worlock kernel: pci 0000:00:03.3: PME# supported from D0 D3hot D3cold
May 30 08:56:59 worlock kernel: pci 0000:00:04.0: [1022:1482] type 00 class 0x060000 conventional PCI endpoint
May 30 08:56:59 worlock kernel: pci 0000:00:05.0: [1022:1482] type 00 class 0x060000 conventional PCI endpoint
May 30 08:56:59 worlock kernel: pci 0000:00:07.0: [1022:1482] type 00 class 0x060000 conventional PCI endpoint
May 30 08:56:59 worlock kernel: pci 0000:00:07.1: [1022:1484] type 01 class 0x060400 PCIe Root Port
May 30 08:56:59 worlock kernel: pci 0000:00:07.1: PCI bridge to [bus 10]
May 30 08:56:59 worlock kernel: pci 0000:00:07.1: enabling Extended Tags
May 30 08:56:59 worlock kernel: pci 0000:00:07.1: PME# supported from D0 D3hot D3cold
May 30 08:56:59 worlock kernel: pci 0000:00:08.0: [1022:1482] type 00 class 0x060000 conventional PCI endpoint
May 30 08:56:59 worlock kernel: pci 0000:00:08.1: [1022:1484] type 01 class 0x060400 PCIe Root Port
May 30 08:56:59 worlock kernel: pci 0000:00:08.1: PCI bridge to [bus 11]
May 30 08:56:59 worlock kernel: pci 0000:00:08.1:   bridge window [mem 0xee900000-0xeebfffff]
May 30 08:56:59 worlock kernel: pci 0000:00:08.1: enabling Extended Tags
May 30 08:56:59 worlock kernel: pci 0000:00:08.1: PME# supported from D0 D3hot D3cold
May 30 08:56:59 worlock kernel: pci 0000:00:14.0: [1022:790b] type 00 class 0x0c0500 conventional PCI endpoint
May 30 08:56:59 worlock kernel: pci 0000:00:14.3: [1022:790e] type 00 class 0x060100 conventional PCI endpoint
May 30 08:56:59 worlock kernel: pci 0000:00:18.0: [1022:1440] type 00 class 0x060000 conventional PCI endpoint
May 30 08:56:59 worlock kernel: pci 0000:00:18.1: [1022:1441] type 00 class 0x060000 conventional PCI endpoint
May 30 08:56:59 worlock kernel: pci 0000:00:18.2: [1022:1442] type 00 class 0x060000 conventional PCI endpoint
May 30 08:56:59 worlock kernel: pci 0000:00:18.3: [1022:1443] type 00 class 0x060000 conventional PCI endpoint
May 30 08:56:59 worlock kernel: pci 0000:00:18.4: [1022:1444] type 00 class 0x060000 conventional PCI endpoint
May 30 08:56:59 worlock kernel: pci 0000:00:18.5: [1022:1445] type 00 class 0x060000 conventional PCI endpoint
May 30 08:56:59 worlock kernel: pci 0000:00:18.6: [1022:1446] type 00 class 0x060000 conventional PCI endpoint
May 30 08:56:59 worlock kernel: pci 0000:00:18.7: [1022:1447] type 00 class 0x060000 conventional PCI endpoint
May 30 08:56:59 worlock kernel: pci 0000:01:00.0: [1022:57ad] type 01 class 0x060400 PCIe Switch Upstream Port
May 30 08:56:59 worlock kernel: pci 0000:01:00.0: PCI bridge to [bus 02-0c]
May 30 08:56:59 worlock kernel: pci 0000:01:00.0:   bridge window [io  0xf000-0xffff]
May 30 08:56:59 worlock kernel: pci 0000:01:00.0:   bridge window [mem 0xee200000-0xee8fffff]
May 30 08:56:59 worlock kernel: pci 0000:01:00.0: enabling Extended Tags
May 30 08:56:59 worlock kernel: pci 0000:01:00.0: PME# supported from D0 D3hot D3cold
May 30 08:56:59 worlock kernel: pci 0000:01:00.0: 63.012 Gb/s available PCIe bandwidth, limited by 16.0 GT/s PCIe x4 link at 0000:00:01.2 (capable of 126.024 Gb/s with 16.0 GT/s PCIe x8 link)
May 30 08:56:59 worlock kernel: pci 0000:00:01.2: PCI bridge to [bus 01-0c]
May 30 08:56:59 worlock kernel: pci 0000:02:01.0: [1022:57a3] type 01 class 0x060400 PCIe Switch Downstream Port
May 30 08:56:59 worlock kernel: pci 0000:02:01.0: PCI bridge to [bus 03]
May 30 08:56:59 worlock kernel: pci 0000:02:01.0:   bridge window [mem 0xee800000-0xee8fffff]
May 30 08:56:59 worlock kernel: pci 0000:02:01.0: enabling Extended Tags
May 30 08:56:59 worlock kernel: pci 0000:02:01.0: PME# supported from D0 D3hot D3cold
May 30 08:56:59 worlock kernel: pci 0000:02:02.0: [1022:57a3] type 01 class 0x060400 PCIe Switch Downstream Port
May 30 08:56:59 worlock kernel: pci 0000:02:02.0: PCI bridge to [bus 04]
May 30 08:56:59 worlock kernel: pci 0000:02:02.0:   bridge window [mem 0xee700000-0xee7fffff]
May 30 08:56:59 worlock kernel: pci 0000:02:02.0: enabling Extended Tags
May 30 08:56:59 worlock kernel: pci 0000:02:02.0: PME# supported from D0 D3hot D3cold
May 30 08:56:59 worlock kernel: pci 0000:02:03.0: [1022:57a3] type 01 class 0x060400 PCIe Switch Downstream Port
May 30 08:56:59 worlock kernel: pci 0000:02:03.0: PCI bridge to [bus 05-09]
May 30 08:56:59 worlock kernel: pci 0000:02:03.0:   bridge window [io  0xf000-0xffff]
May 30 08:56:59 worlock kernel: pci 0000:02:03.0:   bridge window [mem 0xee600000-0xee6fffff]
May 30 08:56:59 worlock kernel: pci 0000:02:03.0: enabling Extended Tags
May 30 08:56:59 worlock kernel: pci 0000:02:03.0: PME# supported from D0 D3hot D3cold
May 30 08:56:59 worlock kernel: pci 0000:02:08.0: [1022:57a4] type 01 class 0x060400 PCIe Switch Downstream Port
May 30 08:56:59 worlock kernel: pci 0000:02:08.0: PCI bridge to [bus 0a]
May 30 08:56:59 worlock kernel: pci 0000:02:08.0:   bridge window [mem 0xee200000-0xee3fffff]
May 30 08:56:59 worlock kernel: pci 0000:02:08.0: enabling Extended Tags
May 30 08:56:59 worlock kernel: pci 0000:02:08.0: PME# supported from D0 D3hot D3cold
May 30 08:56:59 worlock kernel: pci 0000:02:09.0: [1022:57a4] type 01 class 0x060400 PCIe Switch Downstream Port
May 30 08:56:59 worlock kernel: pci 0000:02:09.0: PCI bridge to [bus 0b]
May 30 08:56:59 worlock kernel: pci 0000:02:09.0:   bridge window [mem 0xee500000-0xee5fffff]
May 30 08:56:59 worlock kernel: pci 0000:02:09.0: enabling Extended Tags
May 30 08:56:59 worlock kernel: pci 0000:02:09.0: PME# supported from D0 D3hot D3cold
May 30 08:56:59 worlock kernel: pci 0000:02:0a.0: [1022:57a4] type 01 class 0x060400 PCIe Switch Downstream Port
May 30 08:56:59 worlock kernel: pci 0000:02:0a.0: PCI bridge to [bus 0c]
May 30 08:56:59 worlock kernel: pci 0000:02:0a.0:   bridge window [mem 0xee400000-0xee4fffff]
May 30 08:56:59 worlock kernel: pci 0000:02:0a.0: enabling Extended Tags
May 30 08:56:59 worlock kernel: pci 0000:02:0a.0: PME# supported from D0 D3hot D3cold
May 30 08:56:59 worlock kernel: pci 0000:01:00.0: PCI bridge to [bus 02-0c]
May 30 08:56:59 worlock kernel: pci 0000:03:00.0: [15b7:5002] type 00 class 0x010802 PCIe Endpoint
May 30 08:56:59 worlock kernel: pci 0000:03:00.0: BAR 0 [mem 0xee800000-0xee803fff 64bit]
May 30 08:56:59 worlock kernel: pci 0000:03:00.0: BAR 4 [mem 0xee804000-0xee8040ff 64bit]
May 30 08:56:59 worlock kernel: pci 0000:02:01.0: PCI bridge to [bus 03]
May 30 08:56:59 worlock kernel: pci 0000:04:00.0: [8086:f1a8] type 00 class 0x010802 PCIe Endpoint
May 30 08:56:59 worlock kernel: pci 0000:04:00.0: BAR 0 [mem 0xee700000-0xee703fff 64bit]
May 30 08:56:59 worlock kernel: pci 0000:02:02.0: PCI bridge to [bus 04]
May 30 08:56:59 worlock kernel: pci 0000:05:00.0: [1b21:1184] type 01 class 0x060400 PCIe Switch Upstream Port
May 30 08:56:59 worlock kernel: pci 0000:05:00.0: PCI bridge to [bus 06-09]
May 30 08:56:59 worlock kernel: pci 0000:05:00.0:   bridge window [io  0xf000-0xffff]
May 30 08:56:59 worlock kernel: pci 0000:05:00.0:   bridge window [mem 0xee600000-0xee6fffff]
May 30 08:56:59 worlock kernel: pci 0000:05:00.0: enabling Extended Tags
May 30 08:56:59 worlock kernel: pci 0000:05:00.0: PME# supported from D0 D3hot D3cold
May 30 08:56:59 worlock kernel: pci 0000:02:03.0: PCI bridge to [bus 05-09]
May 30 08:56:59 worlock kernel: pci 0000:06:03.0: [1b21:1184] type 01 class 0x060400 PCIe Switch Downstream Port
May 30 08:56:59 worlock kernel: pci 0000:06:03.0: PCI bridge to [bus 07]
May 30 08:56:59 worlock kernel: pci 0000:06:03.0: enabling Extended Tags
May 30 08:56:59 worlock kernel: pci 0000:06:03.0: PME# supported from D0 D3hot D3cold
May 30 08:56:59 worlock kernel: pci 0000:06:05.0: [1b21:1184] type 01 class 0x060400 PCIe Switch Downstream Port
May 30 08:56:59 worlock kernel: pci 0000:06:05.0: PCI bridge to [bus 08]
May 30 08:56:59 worlock kernel: pci 0000:06:05.0:   bridge window [io  0xf000-0xffff]
May 30 08:56:59 worlock kernel: pci 0000:06:05.0:   bridge window [mem 0xee600000-0xee6fffff]
May 30 08:56:59 worlock kernel: pci 0000:06:05.0: enabling Extended Tags
May 30 08:56:59 worlock kernel: pci 0000:06:05.0: PME# supported from D0 D3hot D3cold
May 30 08:56:59 worlock kernel: pci 0000:06:07.0: [1b21:1184] type 01 class 0x060400 PCIe Switch Downstream Port
May 30 08:56:59 worlock kernel: pci 0000:06:07.0: PCI bridge to [bus 09]
May 30 08:56:59 worlock kernel: pci 0000:06:07.0: enabling Extended Tags
May 30 08:56:59 worlock kernel: pci 0000:06:07.0: PME# supported from D0 D3hot D3cold
May 30 08:56:59 worlock kernel: pci 0000:05:00.0: PCI bridge to [bus 06-09]
May 30 08:56:59 worlock kernel: pci 0000:06:03.0: PCI bridge to [bus 07]
May 30 08:56:59 worlock kernel: pci 0000:08:00.0: [8086:1539] type 00 class 0x020000 PCIe Endpoint
May 30 08:56:59 worlock kernel: pci 0000:08:00.0: BAR 0 [mem 0xee600000-0xee61ffff]
May 30 08:56:59 worlock kernel: pci 0000:08:00.0: BAR 2 [io  0xf000-0xf01f]
May 30 08:56:59 worlock kernel: pci 0000:08:00.0: BAR 3 [mem 0xee620000-0xee623fff]
May 30 08:56:59 worlock kernel: pci 0000:08:00.0: PME# supported from D0 D3hot D3cold
May 30 08:56:59 worlock kernel: pci 0000:06:05.0: PCI bridge to [bus 08]
May 30 08:56:59 worlock kernel: pci 0000:06:07.0: PCI bridge to [bus 09]
May 30 08:56:59 worlock kernel: pci 0000:0a:00.0: [1022:1485] type 00 class 0x130000 PCIe Endpoint
May 30 08:56:59 worlock kernel: pci 0000:0a:00.0: enabling Extended Tags
May 30 08:56:59 worlock kernel: pci 0000:0a:00.0: 63.012 Gb/s available PCIe bandwidth, limited by 16.0 GT/s PCIe x4 link at 0000:00:01.2 (capable of 252.048 Gb/s with 16.0 GT/s PCIe x16 link)
May 30 08:56:59 worlock kernel: pci 0000:0a:00.1: [1022:149c] type 00 class 0x0c0330 PCIe Endpoint
May 30 08:56:59 worlock kernel: pci 0000:0a:00.1: BAR 0 [mem 0xee300000-0xee3fffff 64bit]
May 30 08:56:59 worlock kernel: pci 0000:0a:00.1: enabling Extended Tags
May 30 08:56:59 worlock kernel: pci 0000:0a:00.1: PME# supported from D0 D3hot D3cold
May 30 08:56:59 worlock kernel: pci 0000:0a:00.3: [1022:149c] type 00 class 0x0c0330 PCIe Endpoint
May 30 08:56:59 worlock kernel: pci 0000:0a:00.3: BAR 0 [mem 0xee200000-0xee2fffff 64bit]
May 30 08:56:59 worlock kernel: pci 0000:0a:00.3: enabling Extended Tags
May 30 08:56:59 worlock kernel: pci 0000:0a:00.3: PME# supported from D0 D3hot D3cold
May 30 08:56:59 worlock kernel: pci 0000:02:08.0: PCI bridge to [bus 0a]
May 30 08:56:59 worlock kernel: pci 0000:0b:00.0: [1022:7901] type 00 class 0x010601 PCIe Endpoint
May 30 08:56:59 worlock kernel: pci 0000:0b:00.0: BAR 5 [mem 0xee500000-0xee5007ff]
May 30 08:56:59 worlock kernel: pci 0000:0b:00.0: enabling Extended Tags
May 30 08:56:59 worlock kernel: pci 0000:0b:00.0: PME# supported from D3hot D3cold
May 30 08:56:59 worlock kernel: pci 0000:0b:00.0: 63.012 Gb/s available PCIe bandwidth, limited by 16.0 GT/s PCIe x4 link at 0000:00:01.2 (capable of 252.048 Gb/s with 16.0 GT/s PCIe x16 link)
May 30 08:56:59 worlock kernel: pci 0000:02:09.0: PCI bridge to [bus 0b]
May 30 08:56:59 worlock kernel: pci 0000:0c:00.0: [1022:7901] type 00 class 0x010601 PCIe Endpoint
May 30 08:56:59 worlock kernel: pci 0000:0c:00.0: BAR 5 [mem 0xee400000-0xee4007ff]
May 30 08:56:59 worlock kernel: pci 0000:0c:00.0: enabling Extended Tags
May 30 08:56:59 worlock kernel: pci 0000:0c:00.0: PME# supported from D3hot D3cold
May 30 08:56:59 worlock kernel: pci 0000:0c:00.0: 63.012 Gb/s available PCIe bandwidth, limited by 16.0 GT/s PCIe x4 link at 0000:00:01.2 (capable of 252.048 Gb/s with 16.0 GT/s PCIe x16 link)
May 30 08:56:59 worlock kernel: pci 0000:02:0a.0: PCI bridge to [bus 0c]
May 30 08:56:59 worlock kernel: pci 0000:0d:00.0: [c0a9:5421] type 00 class 0x010802 PCIe Endpoint
May 30 08:56:59 worlock kernel: pci 0000:0d:00.0: BAR 0 [mem 0xeec00000-0xeec03fff 64bit]
May 30 08:56:59 worlock kernel: pci 0000:00:01.3: PCI bridge to [bus 0d]
May 30 08:56:59 worlock kernel: pci 0000:0e:00.0: [10de:2c02] type 00 class 0x030000 PCIe Legacy Endpoint
May 30 08:56:59 worlock kernel: pci 0000:0e:00.0: BAR 0 [mem 0xe8000000-0xebffffff]
May 30 08:56:59 worlock kernel: pci 0000:0e:00.0: BAR 1 [mem 0x7800000000-0x7bffffffff 64bit pref]
May 30 08:56:59 worlock kernel: pci 0000:0e:00.0: BAR 3 [mem 0x7c00000000-0x7c01ffffff 64bit pref]
May 30 08:56:59 worlock kernel: pci 0000:0e:00.0: BAR 5 [io  0xe000-0xe07f]
May 30 08:56:59 worlock kernel: pci 0000:0e:00.0: ROM [mem 0xec000000-0xec07ffff pref]
May 30 08:56:59 worlock kernel: pci 0000:0e:00.0: Enabling HDA controller
May 30 08:56:59 worlock kernel: pci 0000:0e:00.0: PME# supported from D0 D3hot
May 30 08:56:59 worlock kernel: pci 0000:0e:00.0: VF BAR 0 [mem 0x00000000-0x0003ffff 64bit pref]
May 30 08:56:59 worlock kernel: pci 0000:0e:00.0: VF BAR 0 [mem 0x00000000-0x0003ffff 64bit pref]: contains BAR 0 for 1 VFs
May 30 08:56:59 worlock kernel: pci 0000:0e:00.0: VF BAR 2 [mem 0x00000000-0x0fffffff 64bit pref]
May 30 08:56:59 worlock kernel: pci 0000:0e:00.0: VF BAR 2 [mem 0x00000000-0x0fffffff 64bit pref]: contains BAR 2 for 1 VFs
May 30 08:56:59 worlock kernel: pci 0000:0e:00.0: VF BAR 4 [mem 0x00000000-0x01ffffff 64bit pref]
May 30 08:56:59 worlock kernel: pci 0000:0e:00.0: VF BAR 4 [mem 0x00000000-0x01ffffff 64bit pref]: contains BAR 4 for 1 VFs
May 30 08:56:59 worlock kernel: pci 0000:0e:00.0: 63.012 Gb/s available PCIe bandwidth, limited by 16.0 GT/s PCIe x4 link at 0000:00:03.1 (capable of 504.112 Gb/s with 32.0 GT/s PCIe x16 link)
May 30 08:56:59 worlock kernel: pci 0000:0e:00.1: [10de:22e9] type 00 class 0x040300 PCIe Endpoint
May 30 08:56:59 worlock kernel: pci 0000:0e:00.1: BAR 0 [mem 0xec080000-0xec083fff]
May 30 08:56:59 worlock kernel: pci 0000:00:03.1: PCI bridge to [bus 0e]
May 30 08:56:59 worlock kernel: pci 0000:0f:00.0: [10de:2206] type 00 class 0x030000 PCIe Legacy Endpoint
May 30 08:56:59 worlock kernel: pci 0000:0f:00.0: BAR 0 [mem 0xed000000-0xedffffff]
May 30 08:56:59 worlock kernel: pci 0000:0f:00.0: BAR 1 [mem 0x7000000000-0x73ffffffff 64bit pref]
May 30 08:56:59 worlock kernel: pci 0000:0f:00.0: BAR 3 [mem 0x7400000000-0x7401ffffff 64bit pref]
May 30 08:56:59 worlock kernel: pci 0000:0f:00.0: BAR 5 [io  0xd000-0xd07f]
May 30 08:56:59 worlock kernel: pci 0000:0f:00.0: ROM [mem 0xee000000-0xee07ffff pref]
May 30 08:56:59 worlock kernel: pci 0000:0f:00.0: PME# supported from D0 D3hot
May 30 08:56:59 worlock kernel: pci 0000:0f:00.0: 63.012 Gb/s available PCIe bandwidth, limited by 16.0 GT/s PCIe x4 link at 0000:00:03.3 (capable of 252.048 Gb/s with 16.0 GT/s PCIe x16 link)
May 30 08:56:59 worlock kernel: pci 0000:0f:00.1: [10de:1aef] type 00 class 0x040300 PCIe Endpoint
May 30 08:56:59 worlock kernel: pci 0000:0f:00.1: BAR 0 [mem 0xee080000-0xee083fff]
May 30 08:56:59 worlock kernel: pci 0000:00:03.3: PCI bridge to [bus 0f]
May 30 08:56:59 worlock kernel: pci 0000:10:00.0: [1022:148a] type 00 class 0x130000 PCIe Endpoint
May 30 08:56:59 worlock kernel: pci 0000:10:00.0: enabling Extended Tags
May 30 08:56:59 worlock kernel: pci 0000:00:07.1: PCI bridge to [bus 10]
May 30 08:56:59 worlock kernel: pci 0000:11:00.0: [1022:1485] type 00 class 0x130000 PCIe Endpoint
May 30 08:56:59 worlock kernel: pci 0000:11:00.0: enabling Extended Tags
May 30 08:56:59 worlock kernel: pci 0000:11:00.1: [1022:1486] type 00 class 0x108000 PCIe Endpoint
May 30 08:56:59 worlock kernel: pci 0000:11:00.1: BAR 2 [mem 0xeea00000-0xeeafffff]
May 30 08:56:59 worlock kernel: pci 0000:11:00.1: BAR 5 [mem 0xeeb08000-0xeeb09fff]
May 30 08:56:59 worlock kernel: pci 0000:11:00.1: enabling Extended Tags
May 30 08:56:59 worlock kernel: pci 0000:11:00.3: [1022:149c] type 00 class 0x0c0330 PCIe Endpoint
May 30 08:56:59 worlock kernel: pci 0000:11:00.3: BAR 0 [mem 0xee900000-0xee9fffff 64bit]
May 30 08:56:59 worlock kernel: pci 0000:11:00.3: enabling Extended Tags
May 30 08:56:59 worlock kernel: pci 0000:11:00.3: PME# supported from D0 D3hot D3cold
May 30 08:56:59 worlock kernel: pci 0000:11:00.4: [1022:1487] type 00 class 0x040300 PCIe Endpoint
May 30 08:56:59 worlock kernel: pci 0000:11:00.4: BAR 0 [mem 0xeeb00000-0xeeb07fff]
May 30 08:56:59 worlock kernel: pci 0000:11:00.4: enabling Extended Tags
May 30 08:56:59 worlock kernel: pci 0000:11:00.4: PME# supported from D0 D3hot D3cold
May 30 08:56:59 worlock kernel: pci 0000:00:08.1: PCI bridge to [bus 11]
May 30 08:56:59 worlock kernel: ACPI: PCI: Interrupt link LNKA configured for IRQ 0
May 30 08:56:59 worlock kernel: ACPI: PCI: Interrupt link LNKB configured for IRQ 0
May 30 08:56:59 worlock kernel: ACPI: PCI: Interrupt link LNKC configured for IRQ 0
May 30 08:56:59 worlock kernel: ACPI: PCI: Interrupt link LNKD configured for IRQ 0
May 30 08:56:59 worlock kernel: ACPI: PCI: Interrupt link LNKE configured for IRQ 0
May 30 08:56:59 worlock kernel: ACPI: PCI: Interrupt link LNKF configured for IRQ 0
May 30 08:56:59 worlock kernel: ACPI: PCI: Interrupt link LNKG configured for IRQ 0
May 30 08:56:59 worlock kernel: ACPI: PCI: Interrupt link LNKH configured for IRQ 0
May 30 08:56:59 worlock kernel: iommu: Default domain type: Passthrough (set via kernel command line)
May 30 08:56:59 worlock kernel: SCSI subsystem initialized
May 30 08:56:59 worlock kernel: libata version 3.00 loaded.
May 30 08:56:59 worlock kernel: ACPI: bus type USB registered
May 30 08:56:59 worlock kernel: usbcore: registered new interface driver usbfs
May 30 08:56:59 worlock kernel: usbcore: registered new interface driver hub
May 30 08:56:59 worlock kernel: usbcore: registered new device driver usb
May 30 08:56:59 worlock kernel: pps_core: LinuxPPS API ver. 1 registered
May 30 08:56:59 worlock kernel: pps_core: Software ver. 5.3.6 - Copyright 2005-2007 Rodolfo Giometti <giometti@linux.it>
May 30 08:56:59 worlock kernel: PTP clock support registered
May 30 08:56:59 worlock kernel: EDAC MC: Ver: 3.0.0
May 30 08:56:59 worlock kernel: efivars: Registered efivars operations
May 30 08:56:59 worlock kernel: NetLabel: Initializing
May 30 08:56:59 worlock kernel: NetLabel:  domain hash size = 128
May 30 08:56:59 worlock kernel: NetLabel:  protocols = UNLABELED CIPSOv4 CALIPSO
May 30 08:56:59 worlock kernel: NetLabel:  unlabeled traffic allowed by default
May 30 08:56:59 worlock kernel: mctp: management component transport protocol core
May 30 08:56:59 worlock kernel: NET: Registered PF_MCTP protocol family
May 30 08:56:59 worlock kernel: PCI: Using ACPI for IRQ routing
May 30 08:56:59 worlock kernel: PCI: pci_cache_line_size set to 64 bytes
May 30 08:56:59 worlock kernel: e820: reserve RAM buffer [mem 0x09aff000-0x0bffffff]
May 30 08:56:59 worlock kernel: e820: reserve RAM buffer [mem 0x0a200000-0x0bffffff]
May 30 08:56:59 worlock kernel: e820: reserve RAM buffer [mem 0xacce2000-0xafffffff]
May 30 08:56:59 worlock kernel: e820: reserve RAM buffer [mem 0xacd16000-0xafffffff]
May 30 08:56:59 worlock kernel: e820: reserve RAM buffer [mem 0xb7a8b018-0xb7ffffff]
May 30 08:56:59 worlock kernel: e820: reserve RAM buffer [mem 0xb7ab2018-0xb7ffffff]
May 30 08:56:59 worlock kernel: e820: reserve RAM buffer [mem 0xb7e68000-0xb7ffffff]
May 30 08:56:59 worlock kernel: e820: reserve RAM buffer [mem 0xba26c000-0xbbffffff]
May 30 08:56:59 worlock kernel: e820: reserve RAM buffer [mem 0xbb4e6000-0xbbffffff]
May 30 08:56:59 worlock kernel: e820: reserve RAM buffer [mem 0xbf000000-0xbfffffff]
May 30 08:56:59 worlock kernel: e820: reserve RAM buffer [mem 0x203f300000-0x203fffffff]
May 30 08:56:59 worlock kernel: pci 0000:0e:00.0: vgaarb: setting as boot VGA device
May 30 08:56:59 worlock kernel: pci 0000:0e:00.0: vgaarb: bridge control possible
May 30 08:56:59 worlock kernel: pci 0000:0e:00.0: vgaarb: VGA device added: decodes=io+mem,owns=none,locks=none
May 30 08:56:59 worlock kernel: pci 0000:0f:00.0: vgaarb: setting as boot VGA device (overriding previous)
May 30 08:56:59 worlock kernel: pci 0000:0f:00.0: vgaarb: bridge control possible
May 30 08:56:59 worlock kernel: pci 0000:0f:00.0: vgaarb: VGA device added: decodes=io+mem,owns=none,locks=none
May 30 08:56:59 worlock kernel: vgaarb: loaded
May 30 08:56:59 worlock kernel: hpet0: at MMIO 0xfed00000, IRQs 2, 8, 0
May 30 08:56:59 worlock kernel: hpet0: 3 comparators, 32-bit 14.318180 MHz counter
May 30 08:56:59 worlock kernel: clocksource: Switched to clocksource tsc-early
May 30 08:56:59 worlock kernel: VFS: Disk quotas dquot_6.6.0
May 30 08:56:59 worlock kernel: VFS: Dquot-cache hash table entries: 512 (order 0, 4096 bytes)
May 30 08:56:59 worlock kernel: pnp: PnP ACPI init
May 30 08:56:59 worlock kernel: system 00:00: [mem 0xf0000000-0xf7ffffff] has been reserved
May 30 08:56:59 worlock kernel: system 00:01: [mem 0xfeb80000-0xfebfffff] has been reserved
May 30 08:56:59 worlock kernel: system 00:02: [mem 0xfd200000-0xfd2fffff] has been reserved
May 30 08:56:59 worlock kernel: system 00:04: [io  0x0280-0x028f] has been reserved
May 30 08:56:59 worlock kernel: system 00:04: [io  0x0290-0x029f] has been reserved
May 30 08:56:59 worlock kernel: system 00:04: [io  0x02a0-0x02af] has been reserved
May 30 08:56:59 worlock kernel: system 00:04: [io  0x02b0-0x02bf] has been reserved
May 30 08:56:59 worlock kernel: pnp 00:05: [dma 0 disabled]
May 30 08:56:59 worlock kernel: system 00:06: [io  0x04d0-0x04d1] has been reserved
May 30 08:56:59 worlock kernel: system 00:06: [io  0x040b] has been reserved
May 30 08:56:59 worlock kernel: system 00:06: [io  0x04d6] has been reserved
May 30 08:56:59 worlock kernel: system 00:06: [io  0x0c00-0x0c01] has been reserved
May 30 08:56:59 worlock kernel: system 00:06: [io  0x0c14] has been reserved
May 30 08:56:59 worlock kernel: system 00:06: [io  0x0c50-0x0c51] has been reserved
May 30 08:56:59 worlock kernel: system 00:06: [io  0x0c52] has been reserved
May 30 08:56:59 worlock kernel: system 00:06: [io  0x0c6c] has been reserved
May 30 08:56:59 worlock kernel: system 00:06: [io  0x0c6f] has been reserved
May 30 08:56:59 worlock kernel: system 00:06: [io  0x0cd8-0x0cdf] has been reserved
May 30 08:56:59 worlock kernel: system 00:06: [io  0x0800-0x089f] has been reserved
May 30 08:56:59 worlock kernel: system 00:06: [io  0x0b00-0x0b0f] has been reserved
May 30 08:56:59 worlock kernel: system 00:06: [io  0x0b20-0x0b3f] has been reserved
May 30 08:56:59 worlock kernel: system 00:06: [io  0x0900-0x090f] has been reserved
May 30 08:56:59 worlock kernel: system 00:06: [io  0x0910-0x091f] has been reserved
May 30 08:56:59 worlock kernel: system 00:06: [mem 0xfec00000-0xfec00fff] could not be reserved
May 30 08:56:59 worlock kernel: system 00:06: [mem 0xfec01000-0xfec01fff] could not be reserved
May 30 08:56:59 worlock kernel: system 00:06: [mem 0xfedc0000-0xfedc0fff] has been reserved
May 30 08:56:59 worlock kernel: system 00:06: [mem 0xfee00000-0xfee00fff] has been reserved
May 30 08:56:59 worlock kernel: system 00:06: [mem 0xfed80000-0xfed8ffff] could not be reserved
May 30 08:56:59 worlock kernel: system 00:06: [mem 0xfec10000-0xfec10fff] has been reserved
May 30 08:56:59 worlock kernel: system 00:06: [mem 0xff000000-0xffffffff] has been reserved
May 30 08:56:59 worlock kernel: pnp: PnP ACPI: found 7 devices
May 30 08:56:59 worlock kernel: clocksource: acpi_pm: mask: 0xffffff max_cycles: 0xffffff, max_idle_ns: 2085701024 ns
May 30 08:56:59 worlock kernel: NET: Registered PF_INET protocol family
May 30 08:56:59 worlock kernel: IP idents hash table entries: 262144 (order: 9, 2097152 bytes, linear)
May 30 08:56:59 worlock kernel: tcp_listen_portaddr_hash hash table entries: 65536 (order: 8, 1048576 bytes, linear)
May 30 08:56:59 worlock kernel: Table-perturb hash table entries: 65536 (order: 6, 262144 bytes, linear)
May 30 08:56:59 worlock kernel: TCP established hash table entries: 524288 (order: 10, 4194304 bytes, linear)
May 30 08:56:59 worlock kernel: TCP bind hash table entries: 65536 (order: 9, 2097152 bytes, linear)
May 30 08:56:59 worlock kernel: TCP: Hash tables configured (established 524288 bind 65536)
May 30 08:56:59 worlock kernel: MPTCP token hash table entries: 65536 (order: 8, 1572864 bytes, linear)
May 30 08:56:59 worlock kernel: UDP hash table entries: 65536 (order: 9, 2097152 bytes, linear)
May 30 08:56:59 worlock kernel: UDP-Lite hash table entries: 65536 (order: 9, 2097152 bytes, linear)
May 30 08:56:59 worlock kernel: NET: Registered PF_UNIX/PF_LOCAL protocol family
May 30 08:56:59 worlock kernel: NET: Registered PF_XDP protocol family
May 30 08:56:59 worlock kernel: pci_bus 0000:00: max bus depth: 5 pci_try_num: 6
May 30 08:56:59 worlock kernel: pci 0000:02:01.0: PCI bridge to [bus 03]
May 30 08:56:59 worlock kernel: pci 0000:02:01.0:   bridge window [mem 0xee800000-0xee8fffff]
May 30 08:56:59 worlock kernel: pci 0000:02:02.0: PCI bridge to [bus 04]
May 30 08:56:59 worlock kernel: pci 0000:02:02.0:   bridge window [mem 0xee700000-0xee7fffff]
May 30 08:56:59 worlock kernel: pci 0000:06:03.0: PCI bridge to [bus 07]
May 30 08:56:59 worlock kernel: pci 0000:06:05.0: PCI bridge to [bus 08]
May 30 08:56:59 worlock kernel: pci 0000:06:05.0:   bridge window [io  0xf000-0xffff]
May 30 08:56:59 worlock kernel: pci 0000:06:05.0:   bridge window [mem 0xee600000-0xee6fffff]
May 30 08:56:59 worlock kernel: pci 0000:06:07.0: PCI bridge to [bus 09]
May 30 08:56:59 worlock kernel: pci 0000:05:00.0: PCI bridge to [bus 06-09]
May 30 08:56:59 worlock kernel: pci 0000:05:00.0:   bridge window [io  0xf000-0xffff]
May 30 08:56:59 worlock kernel: pci 0000:05:00.0:   bridge window [mem 0xee600000-0xee6fffff]
May 30 08:56:59 worlock kernel: pci 0000:02:03.0: PCI bridge to [bus 05-09]
May 30 08:56:59 worlock kernel: pci 0000:02:03.0:   bridge window [io  0xf000-0xffff]
May 30 08:56:59 worlock kernel: pci 0000:02:03.0:   bridge window [mem 0xee600000-0xee6fffff]
May 30 08:56:59 worlock kernel: pci 0000:02:08.0: PCI bridge to [bus 0a]
May 30 08:56:59 worlock kernel: pci 0000:02:08.0:   bridge window [mem 0xee200000-0xee3fffff]
May 30 08:56:59 worlock kernel: pci 0000:02:09.0: PCI bridge to [bus 0b]
May 30 08:56:59 worlock kernel: pci 0000:02:09.0:   bridge window [mem 0xee500000-0xee5fffff]
May 30 08:56:59 worlock kernel: pci 0000:02:0a.0: PCI bridge to [bus 0c]
May 30 08:56:59 worlock kernel: pci 0000:02:0a.0:   bridge window [mem 0xee400000-0xee4fffff]
May 30 08:56:59 worlock kernel: pci 0000:01:00.0: PCI bridge to [bus 02-0c]
May 30 08:56:59 worlock kernel: pci 0000:01:00.0:   bridge window [io  0xf000-0xffff]
May 30 08:56:59 worlock kernel: pci 0000:01:00.0:   bridge window [mem 0xee200000-0xee8fffff]
May 30 08:56:59 worlock kernel: pci 0000:00:01.2: PCI bridge to [bus 01-0c]
May 30 08:56:59 worlock kernel: pci 0000:00:01.2:   bridge window [io  0xf000-0xffff]
May 30 08:56:59 worlock kernel: pci 0000:00:01.2:   bridge window [mem 0xee200000-0xee8fffff]
May 30 08:56:59 worlock kernel: pci 0000:00:01.3: PCI bridge to [bus 0d]
May 30 08:56:59 worlock kernel: pci 0000:00:01.3:   bridge window [mem 0xeec00000-0xeecfffff]
May 30 08:56:59 worlock kernel: pci 0000:0e:00.0: VF BAR 2 [mem size 0x10000000 64bit pref]: can't assign; no space
May 30 08:56:59 worlock kernel: pci 0000:0e:00.0: VF BAR 2 [mem size 0x10000000 64bit pref]: failed to assign
May 30 08:56:59 worlock kernel: pci 0000:0e:00.0: VF BAR 4 [mem size 0x02000000 64bit pref]: can't assign; no space
May 30 08:56:59 worlock kernel: pci 0000:0e:00.0: VF BAR 4 [mem size 0x02000000 64bit pref]: failed to assign
May 30 08:56:59 worlock kernel: pci 0000:0e:00.0: VF BAR 0 [mem 0xec0c0000-0xec0fffff 64bit pref]: assigned
May 30 08:56:59 worlock kernel: pci 0000:00:03.1: PCI bridge to [bus 0e]
May 30 08:56:59 worlock kernel: pci 0000:00:03.1:   bridge window [io  0xe000-0xefff]
May 30 08:56:59 worlock kernel: pci 0000:00:03.1:   bridge window [mem 0xe8000000-0xec0fffff]
May 30 08:56:59 worlock kernel: pci 0000:00:03.1:   bridge window [mem 0x7800000000-0x7c01ffffff 64bit pref]
May 30 08:56:59 worlock kernel: pci 0000:00:03.3: PCI bridge to [bus 0f]
May 30 08:56:59 worlock kernel: pci 0000:00:03.3:   bridge window [io  0xd000-0xdfff]
May 30 08:56:59 worlock kernel: pci 0000:00:03.3:   bridge window [mem 0xed000000-0xee0fffff]
May 30 08:56:59 worlock kernel: pci 0000:00:03.3:   bridge window [mem 0x7000000000-0x7401ffffff 64bit pref]
May 30 08:56:59 worlock kernel: pci 0000:00:07.1: PCI bridge to [bus 10]
May 30 08:56:59 worlock kernel: pci 0000:00:08.1: PCI bridge to [bus 11]
May 30 08:56:59 worlock kernel: pci 0000:00:08.1:   bridge window [mem 0xee900000-0xeebfffff]
May 30 08:56:59 worlock kernel: pci_bus 0000:00: No. 2 try to assign unassigned res
May 30 08:56:59 worlock kernel: release child resource [mem 0x7800000000-0x7bffffffff 64bit pref]
May 30 08:56:59 worlock kernel: release child resource [mem 0x7c00000000-0x7c01ffffff 64bit pref]
May 30 08:56:59 worlock kernel: pci 0000:00:03.1: resource 15 [mem 0x7800000000-0x7c01ffffff 64bit pref] released
May 30 08:56:59 worlock kernel: pci 0000:00:03.1: PCI bridge to [bus 0e]
May 30 08:56:59 worlock kernel: pci 0000:00:03.1: bridge window [mem 0x2200000000-0x27ffffffff 64bit pref]: assigned
May 30 08:56:59 worlock kernel: pci 0000:02:01.0: PCI bridge to [bus 03]
May 30 08:56:59 worlock kernel: pci 0000:02:01.0:   bridge window [mem 0xee800000-0xee8fffff]
May 30 08:56:59 worlock kernel: pci 0000:02:02.0: PCI bridge to [bus 04]
May 30 08:56:59 worlock kernel: pci 0000:02:02.0:   bridge window [mem 0xee700000-0xee7fffff]
May 30 08:56:59 worlock kernel: pci 0000:06:03.0: PCI bridge to [bus 07]
May 30 08:56:59 worlock kernel: pci 0000:06:05.0: PCI bridge to [bus 08]
May 30 08:56:59 worlock kernel: pci 0000:06:05.0:   bridge window [io  0xf000-0xffff]
May 30 08:56:59 worlock kernel: pci 0000:06:05.0:   bridge window [mem 0xee600000-0xee6fffff]
May 30 08:56:59 worlock kernel: pci 0000:06:07.0: PCI bridge to [bus 09]
May 30 08:56:59 worlock kernel: pci 0000:05:00.0: PCI bridge to [bus 06-09]
May 30 08:56:59 worlock kernel: pci 0000:05:00.0:   bridge window [io  0xf000-0xffff]
May 30 08:56:59 worlock kernel: pci 0000:05:00.0:   bridge window [mem 0xee600000-0xee6fffff]
May 30 08:56:59 worlock kernel: pci 0000:02:03.0: PCI bridge to [bus 05-09]
May 30 08:56:59 worlock kernel: pci 0000:02:03.0:   bridge window [io  0xf000-0xffff]
May 30 08:56:59 worlock kernel: pci 0000:02:03.0:   bridge window [mem 0xee600000-0xee6fffff]
May 30 08:56:59 worlock kernel: pci 0000:02:08.0: PCI bridge to [bus 0a]
May 30 08:56:59 worlock kernel: pci 0000:02:08.0:   bridge window [mem 0xee200000-0xee3fffff]
May 30 08:56:59 worlock kernel: pci 0000:02:09.0: PCI bridge to [bus 0b]
May 30 08:56:59 worlock kernel: pci 0000:02:09.0:   bridge window [mem 0xee500000-0xee5fffff]
May 30 08:56:59 worlock kernel: pci 0000:02:0a.0: PCI bridge to [bus 0c]
May 30 08:56:59 worlock kernel: pci 0000:02:0a.0:   bridge window [mem 0xee400000-0xee4fffff]
May 30 08:56:59 worlock kernel: pci 0000:01:00.0: PCI bridge to [bus 02-0c]
May 30 08:56:59 worlock kernel: pci 0000:01:00.0:   bridge window [io  0xf000-0xffff]
May 30 08:56:59 worlock kernel: pci 0000:01:00.0:   bridge window [mem 0xee200000-0xee8fffff]
May 30 08:56:59 worlock kernel: pci 0000:00:01.2: PCI bridge to [bus 01-0c]
May 30 08:56:59 worlock kernel: pci 0000:00:01.2:   bridge window [io  0xf000-0xffff]
May 30 08:56:59 worlock kernel: pci 0000:00:01.2:   bridge window [mem 0xee200000-0xee8fffff]
May 30 08:56:59 worlock kernel: pci 0000:00:01.3: PCI bridge to [bus 0d]
May 30 08:56:59 worlock kernel: pci 0000:00:01.3:   bridge window [mem 0xeec00000-0xeecfffff]
May 30 08:56:59 worlock kernel: pci 0000:0e:00.0: BAR 1 [mem 0x2400000000-0x27ffffffff 64bit pref]: assigned
May 30 08:56:59 worlock kernel: pci 0000:0e:00.0: VF BAR 2 [mem 0x2200000000-0x220fffffff 64bit pref]: assigned
May 30 08:56:59 worlock kernel: pci 0000:0e:00.0: BAR 3 [mem 0x2210000000-0x2211ffffff 64bit pref]: assigned
May 30 08:56:59 worlock kernel: pci 0000:0e:00.0: VF BAR 4 [mem 0x2212000000-0x2213ffffff 64bit pref]: assigned
May 30 08:56:59 worlock kernel: pci 0000:00:03.1: PCI bridge to [bus 0e]
May 30 08:56:59 worlock kernel: pci 0000:00:03.1:   bridge window [io  0xe000-0xefff]
May 30 08:56:59 worlock kernel: pci 0000:00:03.1:   bridge window [mem 0xe8000000-0xec0fffff]
May 30 08:56:59 worlock kernel: pci 0000:00:03.1:   bridge window [mem 0x2200000000-0x27ffffffff 64bit pref]
May 30 08:56:59 worlock kernel: pci 0000:00:03.3: PCI bridge to [bus 0f]
May 30 08:56:59 worlock kernel: pci 0000:00:03.3:   bridge window [io  0xd000-0xdfff]
May 30 08:56:59 worlock kernel: pci 0000:00:03.3:   bridge window [mem 0xed000000-0xee0fffff]
May 30 08:56:59 worlock kernel: pci 0000:00:03.3:   bridge window [mem 0x7000000000-0x7401ffffff 64bit pref]
May 30 08:56:59 worlock kernel: pci 0000:00:07.1: PCI bridge to [bus 10]
May 30 08:56:59 worlock kernel: pci 0000:00:08.1: PCI bridge to [bus 11]
May 30 08:56:59 worlock kernel: pci 0000:00:08.1:   bridge window [mem 0xee900000-0xeebfffff]
May 30 08:56:59 worlock kernel: pci_bus 0000:00: resource 4 [io  0x0000-0x03af window]
May 30 08:56:59 worlock kernel: pci_bus 0000:00: resource 5 [io  0x03e0-0x0cf7 window]
May 30 08:56:59 worlock kernel: pci_bus 0000:00: resource 6 [io  0x03b0-0x03df window]
May 30 08:56:59 worlock kernel: pci_bus 0000:00: resource 7 [io  0x0d00-0xffff window]
May 30 08:56:59 worlock kernel: pci_bus 0000:00: resource 8 [mem 0x000a0000-0x000dffff window]
May 30 08:56:59 worlock kernel: pci_bus 0000:00: resource 9 [mem 0xc0000000-0xefffffff window]
May 30 08:56:59 worlock kernel: pci_bus 0000:00: resource 10 [mem 0x2040000000-0x7fffffffff window]
May 30 08:56:59 worlock kernel: pci_bus 0000:01: resource 0 [io  0xf000-0xffff]
May 30 08:56:59 worlock kernel: pci_bus 0000:01: resource 1 [mem 0xee200000-0xee8fffff]
May 30 08:56:59 worlock kernel: pci_bus 0000:02: resource 0 [io  0xf000-0xffff]
May 30 08:56:59 worlock kernel: pci_bus 0000:02: resource 1 [mem 0xee200000-0xee8fffff]
May 30 08:56:59 worlock kernel: pci_bus 0000:03: resource 1 [mem 0xee800000-0xee8fffff]
May 30 08:56:59 worlock kernel: pci_bus 0000:04: resource 1 [mem 0xee700000-0xee7fffff]
May 30 08:56:59 worlock kernel: pci_bus 0000:05: resource 0 [io  0xf000-0xffff]
May 30 08:56:59 worlock kernel: pci_bus 0000:05: resource 1 [mem 0xee600000-0xee6fffff]
May 30 08:56:59 worlock kernel: pci_bus 0000:06: resource 0 [io  0xf000-0xffff]
May 30 08:56:59 worlock kernel: pci_bus 0000:06: resource 1 [mem 0xee600000-0xee6fffff]
May 30 08:56:59 worlock kernel: pci_bus 0000:08: resource 0 [io  0xf000-0xffff]
May 30 08:56:59 worlock kernel: pci_bus 0000:08: resource 1 [mem 0xee600000-0xee6fffff]
May 30 08:56:59 worlock kernel: pci_bus 0000:0a: resource 1 [mem 0xee200000-0xee3fffff]
May 30 08:56:59 worlock kernel: pci_bus 0000:0b: resource 1 [mem 0xee500000-0xee5fffff]
May 30 08:56:59 worlock kernel: pci_bus 0000:0c: resource 1 [mem 0xee400000-0xee4fffff]
May 30 08:56:59 worlock kernel: pci_bus 0000:0d: resource 1 [mem 0xeec00000-0xeecfffff]
May 30 08:56:59 worlock kernel: pci_bus 0000:0e: resource 0 [io  0xe000-0xefff]
May 30 08:56:59 worlock kernel: pci_bus 0000:0e: resource 1 [mem 0xe8000000-0xec0fffff]
May 30 08:56:59 worlock kernel: pci_bus 0000:0e: resource 2 [mem 0x2200000000-0x27ffffffff 64bit pref]
May 30 08:56:59 worlock kernel: pci_bus 0000:0f: resource 0 [io  0xd000-0xdfff]
May 30 08:56:59 worlock kernel: pci_bus 0000:0f: resource 1 [mem 0xed000000-0xee0fffff]
May 30 08:56:59 worlock kernel: pci_bus 0000:0f: resource 2 [mem 0x7000000000-0x7401ffffff 64bit pref]
May 30 08:56:59 worlock kernel: pci_bus 0000:11: resource 1 [mem 0xee900000-0xeebfffff]
May 30 08:56:59 worlock kernel: pci 0000:0e:00.1: extending delay after power-on from D3hot to 20 msec
May 30 08:56:59 worlock kernel: pci 0000:0e:00.1: D0 power state depends on 0000:0e:00.0
May 30 08:56:59 worlock kernel: pci 0000:0f:00.1: extending delay after power-on from D3hot to 20 msec
May 30 08:56:59 worlock kernel: pci 0000:0f:00.1: D0 power state depends on 0000:0f:00.0
May 30 08:56:59 worlock kernel: PCI: CLS 64 bytes, default 64
May 30 08:56:59 worlock kernel: PCI-DMA: Using software bounce buffering for IO (SWIOTLB)
May 30 08:56:59 worlock kernel: software IO TLB: mapped [mem 0x00000000b21f2000-0x00000000b61f2000] (64MB)
May 30 08:56:59 worlock kernel: Trying to unpack rootfs image as initramfs...
May 30 08:56:59 worlock kernel: LVT offset 0 assigned for vector 0x400
May 30 08:56:59 worlock kernel: perf: AMD IBS detected (0x000003ff)
May 30 08:56:59 worlock kernel: Initialise system trusted keyrings
May 30 08:56:59 worlock kernel: Key type blacklist registered
May 30 08:56:59 worlock kernel: workingset: timestamp_bits=36 max_order=25 bucket_order=0
May 30 08:56:59 worlock kernel: zbud: loaded
May 30 08:56:59 worlock kernel: squashfs: version 4.0 (2009/01/31) Phillip Lougher
May 30 08:56:59 worlock kernel: fuse: init (API version 7.39)
May 30 08:56:59 worlock kernel: integrity: Platform Keyring initialized
May 30 08:56:59 worlock kernel: integrity: Machine keyring initialized
May 30 08:56:59 worlock kernel: Key type asymmetric registered
May 30 08:56:59 worlock kernel: Asymmetric key parser 'x509' registered
May 30 08:56:59 worlock kernel: Block layer SCSI generic (bsg) driver version 0.4 loaded (major 243)
May 30 08:56:59 worlock kernel: io scheduler mq-deadline registered
May 30 08:56:59 worlock kernel: shpchp: Standard Hot Plug PCI Controller Driver version: 0.4
May 30 08:56:59 worlock kernel: input: Power Button as /devices/LNXSYSTM:00/LNXSYBUS:00/PNP0C0C:00/input/input0
May 30 08:56:59 worlock kernel: ACPI: button: Power Button [PWRB]
May 30 08:56:59 worlock kernel: input: Power Button as /devices/LNXSYSTM:00/LNXPWRBN:00/input/input1
May 30 08:56:59 worlock kernel: ACPI: button: Power Button [PWRF]
May 30 08:56:59 worlock kernel: Estimated ratio of average max frequency by base frequency (times 1024): 1277
May 30 08:56:59 worlock kernel: Monitor-Mwait will be used to enter C-1 state
May 30 08:56:59 worlock kernel: ACPI: \_PR_.C000: Found 2 idle states
May 30 08:56:59 worlock kernel: ACPI: \_PR_.C002: Found 2 idle states
May 30 08:56:59 worlock kernel: ACPI: \_PR_.C004: Found 2 idle states
May 30 08:56:59 worlock kernel: ACPI: \_PR_.C006: Found 2 idle states
May 30 08:56:59 worlock kernel: ACPI: \_PR_.C008: Found 2 idle states
May 30 08:56:59 worlock kernel: ACPI: \_PR_.C00A: Found 2 idle states
May 30 08:56:59 worlock kernel: ACPI: \_PR_.C00C: Found 2 idle states
May 30 08:56:59 worlock kernel: ACPI: \_PR_.C00E: Found 2 idle states
May 30 08:56:59 worlock kernel: ACPI: \_PR_.C010: Found 2 idle states
May 30 08:56:59 worlock kernel: ACPI: \_PR_.C012: Found 2 idle states
May 30 08:56:59 worlock kernel: ACPI: \_PR_.C014: Found 2 idle states
May 30 08:56:59 worlock kernel: ACPI: \_PR_.C016: Found 2 idle states
May 30 08:56:59 worlock kernel: ACPI: \_PR_.C018: Found 2 idle states
May 30 08:56:59 worlock kernel: ACPI: \_PR_.C01A: Found 2 idle states
May 30 08:56:59 worlock kernel: ACPI: \_PR_.C01C: Found 2 idle states
May 30 08:56:59 worlock kernel: ACPI: \_PR_.C01E: Found 2 idle states
May 30 08:56:59 worlock kernel: ACPI: \_PR_.C001: Found 2 idle states
May 30 08:56:59 worlock kernel: ACPI: \_PR_.C003: Found 2 idle states
May 30 08:56:59 worlock kernel: ACPI: \_PR_.C005: Found 2 idle states
May 30 08:56:59 worlock kernel: ACPI: \_PR_.C007: Found 2 idle states
May 30 08:56:59 worlock kernel: ACPI: \_PR_.C009: Found 2 idle states
May 30 08:56:59 worlock kernel: ACPI: \_PR_.C00B: Found 2 idle states
May 30 08:56:59 worlock kernel: ACPI: \_PR_.C00D: Found 2 idle states
May 30 08:56:59 worlock kernel: ACPI: \_PR_.C00F: Found 2 idle states
May 30 08:56:59 worlock kernel: ACPI: \_PR_.C011: Found 2 idle states
May 30 08:56:59 worlock kernel: ACPI: \_PR_.C013: Found 2 idle states
May 30 08:56:59 worlock kernel: ACPI: \_PR_.C015: Found 2 idle states
May 30 08:56:59 worlock kernel: ACPI: \_PR_.C017: Found 2 idle states
May 30 08:56:59 worlock kernel: ACPI: \_PR_.C019: Found 2 idle states
May 30 08:56:59 worlock kernel: ACPI: \_PR_.C01B: Found 2 idle states
May 30 08:56:59 worlock kernel: ACPI: \_PR_.C01D: Found 2 idle states
May 30 08:56:59 worlock kernel: ACPI: \_PR_.C01F: Found 2 idle states
May 30 08:56:59 worlock kernel: Serial: 8250/16550 driver, 32 ports, IRQ sharing enabled
May 30 08:56:59 worlock kernel: 00:05: ttyS0 at I/O 0x3f8 (irq = 4, base_baud = 115200) is a 16550A
May 30 08:56:59 worlock kernel: Linux agpgart interface v0.103
May 30 08:56:59 worlock kernel: loop: module loaded
May 30 08:56:59 worlock kernel: ACPI: bus type drm_connector registered
May 30 08:56:59 worlock kernel: tun: Universal TUN/TAP device driver, 1.6
May 30 08:56:59 worlock kernel: ixgbevf: Intel(R) 10 Gigabit PCI Express Virtual Function Network Driver
May 30 08:56:59 worlock kernel: ixgbevf: Copyright (c) 2009 - 2018 Intel Corporation.
May 30 08:56:59 worlock kernel: PPP generic driver version 2.4.2
May 30 08:56:59 worlock kernel: i8042: PNP: No PS/2 controller found.
May 30 08:56:59 worlock kernel: mousedev: PS/2 mouse device common for all mice
May 30 08:56:59 worlock kernel: rtc_cmos 00:03: RTC can wake from S4
May 30 08:56:59 worlock kernel: rtc_cmos 00:03: registered as rtc0
May 30 08:56:59 worlock kernel: rtc_cmos 00:03: setting system clock to 2026-05-30T13:56:50 UTC (1780149410)
May 30 08:56:59 worlock kernel: rtc_cmos 00:03: alarms up to one month, y3k, 114 bytes nvram
May 30 08:56:59 worlock kernel: i2c_dev: i2c /dev entries driver
May 30 08:56:59 worlock kernel: device-mapper: core: CONFIG_IMA_DISABLE_HTABLE is disabled. Duplicate IMA measurements will not be recorded in the IMA log.
May 30 08:56:59 worlock kernel: device-mapper: uevent: version 1.0.3
May 30 08:56:59 worlock kernel: device-mapper: ioctl: 4.48.0-ioctl (2023-03-01) initialised: dm-devel@redhat.com
May 30 08:56:59 worlock kernel: amd_pstate: driver load is disabled, boot with specific mode to enable this
May 30 08:56:59 worlock kernel: ledtrig-cpu: registered to indicate activity on CPUs
May 30 08:56:59 worlock kernel: [drm] Initialized simpledrm 1.0.0 20200625 for simple-framebuffer.0 on minor 0
May 30 08:56:59 worlock kernel: fbcon: Deferring console take-over
May 30 08:56:59 worlock kernel: simple-framebuffer simple-framebuffer.0: [drm] fb0: simpledrmdrmfb frame buffer device
May 30 08:56:59 worlock kernel: drop_monitor: Initializing network drop monitor service
May 30 08:56:59 worlock kernel: NET: Registered PF_INET6 protocol family
May 30 08:56:59 worlock kernel: tsc: Refined TSC clocksource calibration: 3400.003 MHz
May 30 08:56:59 worlock kernel: clocksource: tsc: mask: 0xffffffffffffffff max_cycles: 0x310251af37c, max_idle_ns: 440795348613 ns
May 30 08:56:59 worlock kernel: clocksource: Switched to clocksource tsc
May 30 08:56:59 worlock kernel: Freeing initrd memory: 922448K
May 30 08:56:59 worlock kernel: Segment Routing with IPv6
May 30 08:56:59 worlock kernel: In-situ OAM (IOAM) with IPv6
May 30 08:56:59 worlock kernel: NET: Registered PF_PACKET protocol family
May 30 08:56:59 worlock kernel: Key type dns_resolver registered
May 30 08:56:59 worlock kernel: microcode: Current revision: 0x0a201213
May 30 08:56:59 worlock kernel: IPI shorthand broadcast: enabled
May 30 08:56:59 worlock kernel: sched_clock: Marking stable (3026001033, 201266)->(3060200020, -33997721)
May 30 08:56:59 worlock kernel: registered taskstats version 1
May 30 08:56:59 worlock kernel: Loading compiled-in X.509 certificates
May 30 08:56:59 worlock kernel: Loaded X.509 cert 'Build time autogenerated kernel key: fe2bb9fe0bf4487639c6429a3438f4702e682b15'
May 30 08:56:59 worlock kernel: Loaded X.509 cert 'Canonical Ltd. Live Patch Signing 2025 Kmod: d541cef61dc7e793b7eb7e899970a2eef0b5dc8c'
May 30 08:56:59 worlock kernel: Loaded X.509 cert 'Canonical Ltd. Live Patch Signing: 14df34d1a87cf37625abec039ef2bf521249b969'
May 30 08:56:59 worlock kernel: Loaded X.509 cert 'Canonical Ltd. Kernel Module Signing: 88f752e560a1e0737e31163a466ad7b70a850c19'
May 30 08:56:59 worlock kernel: blacklist: Loading compiled-in revocation X.509 certificates
May 30 08:56:59 worlock kernel: Loaded X.509 cert 'Canonical Ltd. Secure Boot Signing: 61482aa2830d0ab2ad5af10b7250da9033ddcef0'
May 30 08:56:59 worlock kernel: Loaded X.509 cert 'Canonical Ltd. Secure Boot Signing (2017): 242ade75ac4a15e50d50c84b0d45ff3eae707a03'
May 30 08:56:59 worlock kernel: Loaded X.509 cert 'Canonical Ltd. Secure Boot Signing (ESM 2018): 365188c1d374d6b07c3c8f240f8ef722433d6a8b'
May 30 08:56:59 worlock kernel: Loaded X.509 cert 'Canonical Ltd. Secure Boot Signing (2019): c0746fd6c5da3ae827864651ad66ae47fe24b3e8'
May 30 08:56:59 worlock kernel: Loaded X.509 cert 'Canonical Ltd. Secure Boot Signing (2021 v1): a8d54bbb3825cfb94fa13c9f8a594a195c107b8d'
May 30 08:56:59 worlock kernel: Loaded X.509 cert 'Canonical Ltd. Secure Boot Signing (2021 v2): 4cf046892d6fd3c9a5b03f98d845f90851dc6a8c'
May 30 08:56:59 worlock kernel: Loaded X.509 cert 'Canonical Ltd. Secure Boot Signing (2021 v3): 100437bb6de6e469b581e61cd66bce3ef4ed53af'
May 30 08:56:59 worlock kernel: Loaded X.509 cert 'Canonical Ltd. Secure Boot Signing (Ubuntu Core 2019): c1d57b8f6b743f23ee41f4f7ee292f06eecadfb9'
May 30 08:56:59 worlock kernel: Key type .fscrypt registered
May 30 08:56:59 worlock kernel: Key type fscrypt-provisioning registered
May 30 08:56:59 worlock kernel: cryptd: module verification failed: signature and/or required key missing - tainting kernel
May 30 08:56:59 worlock kernel: cryptd: max_cpu_qlen set to 1000
May 30 08:56:59 worlock kernel: AVX2 version of gcm_enc/dec engaged.
May 30 08:56:59 worlock kernel: AES CTR mode by8 optimization enabled
May 30 08:56:59 worlock kernel: Key type encrypted registered
May 30 08:56:59 worlock kernel: ima: No TPM chip found, activating TPM-bypass!
May 30 08:56:59 worlock kernel: Loading compiled-in module X.509 certificates
May 30 08:56:59 worlock kernel: Loaded X.509 cert 'Build time autogenerated kernel key: fe2bb9fe0bf4487639c6429a3438f4702e682b15'
May 30 08:56:59 worlock kernel: ima: Allocated hash algorithm: sha256
May 30 08:56:59 worlock kernel: ima: No architecture policies found
May 30 08:56:59 worlock kernel: evm: Initialising EVM extended attributes:
May 30 08:56:59 worlock kernel: evm: security.selinux
May 30 08:56:59 worlock kernel: evm: security.SMACK64
May 30 08:56:59 worlock kernel: evm: security.SMACK64EXEC
May 30 08:56:59 worlock kernel: evm: security.SMACK64TRANSMUTE
May 30 08:56:59 worlock kernel: evm: security.SMACK64MMAP
May 30 08:56:59 worlock kernel: evm: security.apparmor
May 30 08:56:59 worlock kernel: evm: security.ima
May 30 08:56:59 worlock kernel: evm: security.capability
May 30 08:56:59 worlock kernel: evm: HMAC attrs: 0x1
May 30 08:56:59 worlock kernel: PM:   Magic number: 10:518:939
May 30 08:56:59 worlock kernel: clockevents clockevent28: hash matches
May 30 08:56:59 worlock kernel: RAS: Correctable Errors collector initialized.
May 30 08:56:59 worlock kernel: clk: Disabling unused clocks
May 30 08:56:59 worlock kernel: Freeing unused kernel image (initmem) memory: 3264K
May 30 08:56:59 worlock kernel: Write protecting the kernel read-only data: 32768k
May 30 08:56:59 worlock kernel: Freeing unused kernel image (rodata/data gap) memory: 352K
May 30 08:56:59 worlock kernel: x86/mm: Checked W+X mappings: passed, no W+X pages found.
May 30 08:56:59 worlock kernel: Run /init as init process
May 30 08:56:59 worlock kernel:   with arguments:
May 30 08:56:59 worlock kernel:     /init
May 30 08:56:59 worlock kernel:     splash
May 30 08:56:59 worlock kernel:   with environment:
May 30 08:56:59 worlock kernel:     HOME=/
May 30 08:56:59 worlock kernel:     TERM=linux
May 30 08:56:59 worlock kernel:     BOOT_IMAGE=/boot/vmlinuz-6.8.12
May 30 08:56:59 worlock kernel: dca service started, version 1.12.1
May 30 08:56:59 worlock kernel: xhci_hcd 0000:0a:00.1: xHCI Host Controller
May 30 08:56:59 worlock kernel: xhci_hcd 0000:0a:00.1: new USB bus registered, assigned bus number 1
May 30 08:56:59 worlock kernel: xhci_hcd 0000:0a:00.1: hcc params 0x0278ffe5 hci version 0x110 quirks 0x0000000000000010
May 30 08:56:59 worlock kernel: xhci_hcd 0000:0a:00.1: xHCI Host Controller
May 30 08:56:59 worlock kernel: xhci_hcd 0000:0a:00.1: new USB bus registered, assigned bus number 2
May 30 08:56:59 worlock kernel: xhci_hcd 0000:0a:00.1: Host supports USB 3.1 Enhanced SuperSpeed
May 30 08:56:59 worlock kernel: usb usb1: New USB device found, idVendor=1d6b, idProduct=0002, bcdDevice= 6.08
May 30 08:56:59 worlock kernel: usb usb1: New USB device strings: Mfr=3, Product=2, SerialNumber=1
May 30 08:56:59 worlock kernel: usb usb1: Product: xHCI Host Controller
May 30 08:56:59 worlock kernel: usb usb1: Manufacturer: Linux 6.8.12 xhci-hcd
May 30 08:56:59 worlock kernel: usb usb1: SerialNumber: 0000:0a:00.1
May 30 08:56:59 worlock kernel: hub 1-0:1.0: USB hub found
May 30 08:56:59 worlock kernel: hub 1-0:1.0: 6 ports detected
May 30 08:56:59 worlock kernel: usb usb2: We don't know the algorithms for LPM for this host, disabling LPM.
May 30 08:56:59 worlock kernel: usb usb2: New USB device found, idVendor=1d6b, idProduct=0003, bcdDevice= 6.08
May 30 08:56:59 worlock kernel: usb usb2: New USB device strings: Mfr=3, Product=2, SerialNumber=1
May 30 08:56:59 worlock kernel: usb usb2: Product: xHCI Host Controller
May 30 08:56:59 worlock kernel: usb usb2: Manufacturer: Linux 6.8.12 xhci-hcd
May 30 08:56:59 worlock kernel: usb usb2: SerialNumber: 0000:0a:00.1
May 30 08:56:59 worlock kernel: hub 2-0:1.0: USB hub found
May 30 08:56:59 worlock kernel: hub 2-0:1.0: 4 ports detected
May 30 08:56:59 worlock kernel: xhci_hcd 0000:0a:00.3: xHCI Host Controller
May 30 08:56:59 worlock kernel: xhci_hcd 0000:0a:00.3: new USB bus registered, assigned bus number 3
May 30 08:56:59 worlock kernel: xhci_hcd 0000:0a:00.3: hcc params 0x0278ffe5 hci version 0x110 quirks 0x0000000000000010
May 30 08:56:59 worlock kernel: xhci_hcd 0000:0a:00.3: xHCI Host Controller
May 30 08:56:59 worlock kernel: xhci_hcd 0000:0a:00.3: new USB bus registered, assigned bus number 4
May 30 08:56:59 worlock kernel: xhci_hcd 0000:0a:00.3: Host supports USB 3.1 Enhanced SuperSpeed
May 30 08:56:59 worlock kernel: piix4_smbus 0000:00:14.0: SMBus Host Controller at 0xb00, revision 0
May 30 08:56:59 worlock kernel: piix4_smbus 0000:00:14.0: Using register 0x02 for SMBus port selection
May 30 08:56:59 worlock kernel: ahci 0000:0b:00.0: version 3.0
May 30 08:56:59 worlock kernel: usb usb3: New USB device found, idVendor=1d6b, idProduct=0002, bcdDevice= 6.08
May 30 08:56:59 worlock kernel: usb usb3: New USB device strings: Mfr=3, Product=2, SerialNumber=1
May 30 08:56:59 worlock kernel: usb usb3: Product: xHCI Host Controller
May 30 08:56:59 worlock kernel: usb usb3: Manufacturer: Linux 6.8.12 xhci-hcd
May 30 08:56:59 worlock kernel: usb usb3: SerialNumber: 0000:0a:00.3
May 30 08:56:59 worlock kernel: igb: Intel(R) Gigabit Ethernet Network Driver
May 30 08:56:59 worlock kernel: igb: Copyright (c) 2007-2014 Intel Corporation.
May 30 08:56:59 worlock kernel: hub 3-0:1.0: USB hub found
May 30 08:56:59 worlock kernel: igb 0000:08:00.0: enabling device (0000 -> 0002)
May 30 08:56:59 worlock kernel: piix4_smbus 0000:00:14.0: Auxiliary SMBus Host Controller at 0xb20
May 30 08:56:59 worlock kernel: hub 3-0:1.0: 6 ports detected
May 30 08:56:59 worlock kernel: ahci 0000:0b:00.0: AHCI 0001.0301 32 slots 4 ports 6 Gbps 0xf impl SATA mode
May 30 08:56:59 worlock kernel: ahci 0000:0b:00.0: flags: 64bit ncq sntf ilck pm led clo only pmp fbs pio slum part 
May 30 08:56:59 worlock kernel: usb usb4: We don't know the algorithms for LPM for this host, disabling LPM.
May 30 08:56:59 worlock kernel: usb usb4: New USB device found, idVendor=1d6b, idProduct=0003, bcdDevice= 6.08
May 30 08:56:59 worlock kernel: usb usb4: New USB device strings: Mfr=3, Product=2, SerialNumber=1
May 30 08:56:59 worlock kernel: usb usb4: Product: xHCI Host Controller
May 30 08:56:59 worlock kernel: usb usb4: Manufacturer: Linux 6.8.12 xhci-hcd
May 30 08:56:59 worlock kernel: usb usb4: SerialNumber: 0000:0a:00.3
May 30 08:56:59 worlock kernel: hub 4-0:1.0: USB hub found
May 30 08:56:59 worlock kernel: hub 4-0:1.0: 4 ports detected
May 30 08:56:59 worlock kernel: scsi host0: ahci
May 30 08:56:59 worlock kernel: usb: port power management may be unreliable
May 30 08:56:59 worlock kernel: scsi host1: ahci
May 30 08:56:59 worlock kernel: scsi host2: ahci
May 30 08:56:59 worlock kernel: xhci_hcd 0000:11:00.3: xHCI Host Controller
May 30 08:56:59 worlock kernel: xhci_hcd 0000:11:00.3: new USB bus registered, assigned bus number 5
May 30 08:56:59 worlock kernel: nvme nvme1: pci function 0000:04:00.0
May 30 08:56:59 worlock kernel: scsi host3: ahci
May 30 08:56:59 worlock kernel: nvme nvme0: pci function 0000:03:00.0
May 30 08:56:59 worlock kernel: nvme nvme2: pci function 0000:0d:00.0
May 30 08:56:59 worlock kernel: ata1: SATA max UDMA/133 abar m2048@0xee500000 port 0xee500100 irq 55 lpm-pol 4
May 30 08:56:59 worlock kernel: ata2: SATA max UDMA/133 abar m2048@0xee500000 port 0xee500180 irq 55 lpm-pol 4
May 30 08:56:59 worlock kernel: ata3: SATA max UDMA/133 abar m2048@0xee500000 port 0xee500200 irq 55 lpm-pol 4
May 30 08:56:59 worlock kernel: ata4: SATA max UDMA/133 abar m2048@0xee500000 port 0xee500280 irq 55 lpm-pol 4
May 30 08:56:59 worlock kernel: xhci_hcd 0000:11:00.3: hcc params 0x0278ffe5 hci version 0x110 quirks 0x0000000000000010
May 30 08:56:59 worlock kernel: ahci 0000:0c:00.0: AHCI 0001.0301 32 slots 3 ports 6 Gbps 0x31 impl SATA mode
May 30 08:56:59 worlock kernel: ahci 0000:0c:00.0: flags: 64bit ncq sntf ilck pm led clo only pmp fbs pio slum part 
May 30 08:56:59 worlock kernel: xhci_hcd 0000:11:00.3: xHCI Host Controller
May 30 08:56:59 worlock kernel: xhci_hcd 0000:11:00.3: new USB bus registered, assigned bus number 6
May 30 08:56:59 worlock kernel: xhci_hcd 0000:11:00.3: Host supports USB 3.1 Enhanced SuperSpeed
May 30 08:56:59 worlock kernel: usb usb5: New USB device found, idVendor=1d6b, idProduct=0002, bcdDevice= 6.08
May 30 08:56:59 worlock kernel: usb usb5: New USB device strings: Mfr=3, Product=2, SerialNumber=1
May 30 08:56:59 worlock kernel: usb usb5: Product: xHCI Host Controller
May 30 08:56:59 worlock kernel: usb usb5: Manufacturer: Linux 6.8.12 xhci-hcd
May 30 08:56:59 worlock kernel: usb usb5: SerialNumber: 0000:11:00.3
May 30 08:56:59 worlock kernel: hub 5-0:1.0: USB hub found
May 30 08:56:59 worlock kernel: hub 5-0:1.0: 4 ports detected
May 30 08:56:59 worlock kernel: usb usb6: We don't know the algorithms for LPM for this host, disabling LPM.
May 30 08:56:59 worlock kernel: usb usb6: New USB device found, idVendor=1d6b, idProduct=0003, bcdDevice= 6.08
May 30 08:56:59 worlock kernel: usb usb6: New USB device strings: Mfr=3, Product=2, SerialNumber=1
May 30 08:56:59 worlock kernel: usb usb6: Product: xHCI Host Controller
May 30 08:56:59 worlock kernel: usb usb6: Manufacturer: Linux 6.8.12 xhci-hcd
May 30 08:56:59 worlock kernel: usb usb6: SerialNumber: 0000:11:00.3
May 30 08:56:59 worlock kernel: hub 6-0:1.0: USB hub found
May 30 08:56:59 worlock kernel: scsi host4: ahci
May 30 08:56:59 worlock kernel: hub 6-0:1.0: 4 ports detected
May 30 08:56:59 worlock kernel: scsi host5: ahci
May 30 08:56:59 worlock kernel: scsi host6: ahci
May 30 08:56:59 worlock kernel: scsi host7: ahci
May 30 08:56:59 worlock kernel: scsi host8: ahci
May 30 08:56:59 worlock kernel: scsi host9: ahci
May 30 08:56:59 worlock kernel: ata5: SATA max UDMA/133 abar m2048@0xee400000 port 0xee400100 irq 74 lpm-pol 4
May 30 08:56:59 worlock kernel: ata6: DUMMY
May 30 08:56:59 worlock kernel: ata7: DUMMY
May 30 08:56:59 worlock kernel: ata8: DUMMY
May 30 08:56:59 worlock kernel: ata9: SATA max UDMA/133 abar m2048@0xee400000 port 0xee400300 irq 74 lpm-pol 4
May 30 08:56:59 worlock kernel: ata10: SATA max UDMA/133 abar m2048@0xee400000 port 0xee400380 irq 74 lpm-pol 4
May 30 08:56:59 worlock kernel: nvme nvme2: missing or invalid SUBNQN field.
May 30 08:56:59 worlock kernel: nvme nvme1: 7/1/0 default/read/poll queues
May 30 08:56:59 worlock kernel:  nvme1n1: p1 p2
May 30 08:56:59 worlock kernel: nvme nvme0: 16/32/0 default/read/poll queues
May 30 08:56:59 worlock kernel:  nvme0n1: p1 p2
May 30 08:56:59 worlock kernel: igb 0000:08:00.0: added PHC on eth0
May 30 08:56:59 worlock kernel: igb 0000:08:00.0: Intel(R) Gigabit Ethernet Network Connection
May 30 08:56:59 worlock kernel: igb 0000:08:00.0: eth0: (PCIe:2.5Gb/s:Width x1) 9c:6b:00:13:78:79
May 30 08:56:59 worlock kernel: igb 0000:08:00.0: eth0: PBA No: FFFFFF-0FF
May 30 08:56:59 worlock kernel: igb 0000:08:00.0: Using MSI-X interrupts. 2 rx queue(s), 2 tx queue(s)
May 30 08:56:59 worlock kernel: nvme nvme2: allocated 32 MiB host memory buffer.
May 30 08:56:59 worlock kernel: nvidia: loading out-of-tree module taints kernel.
May 30 08:56:59 worlock kernel: nvme nvme2: 7/1/0 default/read/poll queues
May 30 08:56:59 worlock kernel:  nvme2n1: p1 p2
May 30 08:56:59 worlock kernel: nvidia-nvlink: Nvlink Core is being initialized, major device number 237
May 30 08:56:59 worlock kernel: 
May 30 08:56:59 worlock kernel: nvidia 0000:0e:00.0: enabling device (0002 -> 0003)
May 30 08:56:59 worlock kernel: nvidia 0000:0e:00.0: vgaarb: VGA decodes changed: olddecodes=io+mem,decodes=none:owns=none
May 30 08:56:59 worlock kernel: nvidia 0000:0f:00.0: vgaarb: VGA decodes changed: olddecodes=io+mem,decodes=none:owns=none
May 30 08:56:59 worlock kernel: NVRM: loading NVIDIA UNIX Open Kernel Module for x86_64  580.159.03  Release Build  (dvs-builder@U22-I3-AM27-29-6)  Fri Apr 24 06:03:03 UTC 2026
May 30 08:56:59 worlock kernel: usb 5-1: new full-speed USB device number 2 using xhci_hcd
May 30 08:56:59 worlock kernel: usb 1-2: new high-speed USB device number 2 using xhci_hcd
May 30 08:56:59 worlock kernel: usb 1-2: New USB device found, idVendor=05e3, idProduct=0608, bcdDevice=88.32
May 30 08:56:59 worlock kernel: usb 1-2: New USB device strings: Mfr=0, Product=1, SerialNumber=0
May 30 08:56:59 worlock kernel: usb 1-2: Product: USB2.0 Hub
May 30 08:56:59 worlock kernel: usb 5-1: New USB device found, idVendor=320f, idProduct=5055, bcdDevice= 1.02
May 30 08:56:59 worlock kernel: usb 5-1: New USB device strings: Mfr=1, Product=2, SerialNumber=0
May 30 08:56:59 worlock kernel: usb 5-1: Product: LK65
May 30 08:56:59 worlock kernel: usb 5-1: Manufacturer: RDR
May 30 08:56:59 worlock kernel: hub 1-2:1.0: USB hub found
May 30 08:56:59 worlock kernel: hub 1-2:1.0: 4 ports detected
May 30 08:56:59 worlock kernel: ata10: SATA link up 6.0 Gbps (SStatus 133 SControl 300)
May 30 08:56:59 worlock kernel: ata4: SATA link up 6.0 Gbps (SStatus 133 SControl 300)
May 30 08:56:59 worlock kernel: ata5: SATA link up 6.0 Gbps (SStatus 133 SControl 300)
May 30 08:56:59 worlock kernel: ata2: SATA link up 6.0 Gbps (SStatus 133 SControl 300)
May 30 08:56:59 worlock kernel: ata9: SATA link up 6.0 Gbps (SStatus 133 SControl 300)
May 30 08:56:59 worlock kernel: ata3: SATA link up 6.0 Gbps (SStatus 133 SControl 300)
May 30 08:56:59 worlock kernel: ata10.00: ATA-9: WDC WD4005FZBX-00K5WB0, 01.01A01, max UDMA/133
May 30 08:56:59 worlock kernel: ata3.00: ATA-9: WDC WD10EURX-63UY4Y0, 01.01A01, max UDMA/133
May 30 08:56:59 worlock kernel: ata2.00: ATA-11: WDC  WDS100T2B0A-00SM50, 415020WD, max UDMA/133
May 30 08:56:59 worlock kernel: ata4.00: ATA-11: ST12000VN0008-2PH103, SC61, max UDMA/133
May 30 08:56:59 worlock kernel: ata9.00: ATA-11: ST12000VN0008-2PH103, SC61, max UDMA/133
May 30 08:56:59 worlock kernel: ata3.00: 1953525168 sectors, multi 16: LBA48 NCQ (depth 32), AA
May 30 08:56:59 worlock kernel: ata2.00: 1953525168 sectors, multi 1: LBA48 NCQ (depth 32), AA
May 30 08:56:59 worlock kernel: ata5.00: ATA-8: Hitachi HUA723020ALA640, MK7OAA10, max UDMA/133
May 30 08:56:59 worlock kernel: ata3.00: configured for UDMA/133
May 30 08:56:59 worlock kernel: ata5.00: 3907029168 sectors, multi 16: LBA48 NCQ (depth 32), AA
May 30 08:56:59 worlock kernel: ata5.00: configured for UDMA/133
May 30 08:56:59 worlock kernel: ata2.00: Features: Dev-Sleep
May 30 08:56:59 worlock kernel: ata1: SATA link up 6.0 Gbps (SStatus 133 SControl 300)
May 30 08:56:59 worlock kernel: ata1.00: supports DRM functions and may not be fully accessible
May 30 08:56:59 worlock kernel: ata1.00: ATA-11: Samsung SSD 870 EVO 500GB, SVT02B6Q, max UDMA/133
May 30 08:56:59 worlock kernel: ata1.00: 976773168 sectors, multi 1: LBA48 NCQ (depth 32), AA
May 30 08:56:59 worlock kernel: ata10.00: 7814037168 sectors, multi 16: LBA48 NCQ (depth 32), AA
May 30 08:56:59 worlock kernel: ata10.00: Features: NCQ-sndrcv NCQ-prio
May 30 08:56:59 worlock kernel: ata2.00: configured for UDMA/133
May 30 08:56:59 worlock kernel: ata1.00: Features: Trust Dev-Sleep NCQ-sndrcv
May 30 08:56:59 worlock kernel: ata1.00: supports DRM functions and may not be fully accessible
May 30 08:56:59 worlock kernel: ata1.00: configured for UDMA/133
May 30 08:56:59 worlock kernel: ata10.00: configured for UDMA/133
May 30 08:56:59 worlock kernel: scsi 0:0:0:0: Direct-Access     ATA      Samsung SSD 870  2B6Q PQ: 0 ANSI: 5
May 30 08:56:59 worlock kernel: sd 0:0:0:0: Attached scsi generic sg0 type 0
May 30 08:56:59 worlock kernel: ata1.00: Enabling discard_zeroes_data
May 30 08:56:59 worlock kernel: sd 0:0:0:0: [sda] 976773168 512-byte logical blocks: (500 GB/466 GiB)
May 30 08:56:59 worlock kernel: sd 0:0:0:0: [sda] Write Protect is off
May 30 08:56:59 worlock kernel: sd 0:0:0:0: [sda] Mode Sense: 00 3a 00 00
May 30 08:56:59 worlock kernel: sd 0:0:0:0: [sda] Write cache: enabled, read cache: enabled, doesn't support DPO or FUA
May 30 08:56:59 worlock kernel: sd 0:0:0:0: [sda] Preferred minimum I/O size 512 bytes
May 30 08:56:59 worlock kernel: scsi 1:0:0:0: Direct-Access     ATA      WDC  WDS100T2B0A 20WD PQ: 0 ANSI: 5
May 30 08:56:59 worlock kernel: ata1.00: Enabling discard_zeroes_data
May 30 08:56:59 worlock kernel: sd 1:0:0:0: Attached scsi generic sg1 type 0
May 30 08:56:59 worlock kernel: sd 1:0:0:0: [sdb] 1953525168 512-byte logical blocks: (1.00 TB/932 GiB)
May 30 08:56:59 worlock kernel: sd 1:0:0:0: [sdb] Write Protect is off
May 30 08:56:59 worlock kernel: sd 1:0:0:0: [sdb] Mode Sense: 00 3a 00 00
May 30 08:56:59 worlock kernel: sd 1:0:0:0: [sdb] Write cache: enabled, read cache: enabled, doesn't support DPO or FUA
May 30 08:56:59 worlock kernel: sd 1:0:0:0: [sdb] Preferred minimum I/O size 512 bytes
May 30 08:56:59 worlock kernel: scsi 2:0:0:0: Direct-Access     ATA      WDC WD10EURX-63U 1A01 PQ: 0 ANSI: 5
May 30 08:56:59 worlock kernel: sd 2:0:0:0: Attached scsi generic sg2 type 0
May 30 08:56:59 worlock kernel: sd 2:0:0:0: [sdc] 1953525168 512-byte logical blocks: (1.00 TB/932 GiB)
May 30 08:56:59 worlock kernel: sd 2:0:0:0: [sdc] 4096-byte physical blocks
May 30 08:56:59 worlock kernel: sd 2:0:0:0: [sdc] Write Protect is off
May 30 08:56:59 worlock kernel: sd 2:0:0:0: [sdc] Mode Sense: 00 3a 00 00
May 30 08:56:59 worlock kernel: sd 2:0:0:0: [sdc] Write cache: enabled, read cache: enabled, doesn't support DPO or FUA
May 30 08:56:59 worlock kernel: sd 2:0:0:0: [sdc] Preferred minimum I/O size 4096 bytes
May 30 08:56:59 worlock kernel:  sda: sda1
May 30 08:56:59 worlock kernel:  sdb: sdb1 sdb2
May 30 08:56:59 worlock kernel: sd 0:0:0:0: [sda] supports TCG Opal
May 30 08:56:59 worlock kernel: sd 0:0:0:0: [sda] Attached SCSI disk
May 30 08:56:59 worlock kernel: sd 1:0:0:0: [sdb] Attached SCSI disk
May 30 08:56:59 worlock kernel: ata9.00: 23437770752 sectors, multi 16: LBA48 NCQ (depth 32), AA
May 30 08:56:59 worlock kernel: ata9.00: Features: NCQ-sndrcv
May 30 08:56:59 worlock kernel:  sdc: sdc1
May 30 08:56:59 worlock kernel: sd 2:0:0:0: [sdc] Attached SCSI disk
May 30 08:56:59 worlock kernel: ata4.00: 23437770752 sectors, multi 16: LBA48 NCQ (depth 32), AA
May 30 08:56:59 worlock kernel: ata4.00: Features: NCQ-sndrcv
May 30 08:56:59 worlock kernel: usb 5-2: new low-speed USB device number 3 using xhci_hcd
May 30 08:56:59 worlock kernel: ata9.00: configured for UDMA/133
May 30 08:56:59 worlock kernel: ata4.00: configured for UDMA/133
May 30 08:56:59 worlock kernel: scsi 3:0:0:0: Direct-Access     ATA      ST12000VN0008-2P SC61 PQ: 0 ANSI: 5
May 30 08:56:59 worlock kernel: sd 3:0:0:0: Attached scsi generic sg3 type 0
May 30 08:56:59 worlock kernel: sd 3:0:0:0: [sdd] 23437770752 512-byte logical blocks: (12.0 TB/10.9 TiB)
May 30 08:56:59 worlock kernel: sd 3:0:0:0: [sdd] 4096-byte physical blocks
May 30 08:56:59 worlock kernel: sd 3:0:0:0: [sdd] Write Protect is off
May 30 08:56:59 worlock kernel: sd 3:0:0:0: [sdd] Mode Sense: 00 3a 00 00
May 30 08:56:59 worlock kernel: sd 3:0:0:0: [sdd] Write cache: enabled, read cache: enabled, doesn't support DPO or FUA
May 30 08:56:59 worlock kernel: sd 3:0:0:0: [sdd] Preferred minimum I/O size 4096 bytes
May 30 08:56:59 worlock kernel: scsi 4:0:0:0: Direct-Access     ATA      Hitachi HUA72302 AA10 PQ: 0 ANSI: 5
May 30 08:56:59 worlock kernel: sd 4:0:0:0: Attached scsi generic sg4 type 0
May 30 08:56:59 worlock kernel: sd 4:0:0:0: [sde] 3907029168 512-byte logical blocks: (2.00 TB/1.82 TiB)
May 30 08:56:59 worlock kernel: sd 4:0:0:0: [sde] Write Protect is off
May 30 08:56:59 worlock kernel: sd 4:0:0:0: [sde] Mode Sense: 00 3a 00 00
May 30 08:56:59 worlock kernel: sd 4:0:0:0: [sde] Write cache: enabled, read cache: enabled, doesn't support DPO or FUA
May 30 08:56:59 worlock kernel: sd 4:0:0:0: [sde] Preferred minimum I/O size 512 bytes
